Archive member included to satisfy reference by file (symbol)

../LAB2_LOOP_AUDIO_bsp/\libhal_bsp.a(alt_load.o)
                              ../LAB2_LOOP_AUDIO_bsp//obj/HAL/src/crt0.o (alt_load)
../LAB2_LOOP_AUDIO_bsp/\libhal_bsp.a(alt_main.o)
                              ../LAB2_LOOP_AUDIO_bsp//obj/HAL/src/crt0.o (alt_main)
../LAB2_LOOP_AUDIO_bsp/\libhal_bsp.a(alt_printf.o)
                              obj/default/hello_world.o (alt_printf)
../LAB2_LOOP_AUDIO_bsp/\libhal_bsp.a(alt_putchar.o)
                              ../LAB2_LOOP_AUDIO_bsp/\libhal_bsp.a(alt_printf.o) (alt_putchar)
../LAB2_LOOP_AUDIO_bsp/\libhal_bsp.a(alt_sys_init.o)
                              ../LAB2_LOOP_AUDIO_bsp/\libhal_bsp.a(alt_main.o) (alt_irq_init)
../LAB2_LOOP_AUDIO_bsp/\libhal_bsp.a(altera_avalon_jtag_uart_fd.o)
                              ../LAB2_LOOP_AUDIO_bsp/\libhal_bsp.a(alt_sys_init.o) (altera_avalon_jtag_uart_read_fd)
../LAB2_LOOP_AUDIO_bsp/\libhal_bsp.a(altera_avalon_jtag_uart_read.o)
                              ../LAB2_LOOP_AUDIO_bsp/\libhal_bsp.a(altera_avalon_jtag_uart_fd.o) (altera_avalon_jtag_uart_read)
../LAB2_LOOP_AUDIO_bsp/\libhal_bsp.a(altera_avalon_jtag_uart_write.o)
                              ../LAB2_LOOP_AUDIO_bsp/\libhal_bsp.a(altera_avalon_jtag_uart_fd.o) (altera_avalon_jtag_uart_write)
../LAB2_LOOP_AUDIO_bsp/\libhal_bsp.a(altera_avalon_lcd_16207.o)
                              ../LAB2_LOOP_AUDIO_bsp/\libhal_bsp.a(alt_sys_init.o) (altera_avalon_lcd_16207_init)
../LAB2_LOOP_AUDIO_bsp/\libhal_bsp.a(altera_avalon_lcd_16207_fd.o)
                              ../LAB2_LOOP_AUDIO_bsp/\libhal_bsp.a(alt_sys_init.o) (altera_avalon_lcd_16207_write_fd)
../LAB2_LOOP_AUDIO_bsp/\libhal_bsp.a(altera_avalon_timer_sc.o)
                              ../LAB2_LOOP_AUDIO_bsp/\libhal_bsp.a(alt_sys_init.o) (alt_avalon_timer_sc_init)
../LAB2_LOOP_AUDIO_bsp/\libhal_bsp.a(altera_avalon_uart_fd.o)
                              ../LAB2_LOOP_AUDIO_bsp/\libhal_bsp.a(alt_sys_init.o) (altera_avalon_uart_read_fd)
../LAB2_LOOP_AUDIO_bsp/\libhal_bsp.a(altera_avalon_uart_init.o)
                              ../LAB2_LOOP_AUDIO_bsp/\libhal_bsp.a(alt_sys_init.o) (altera_avalon_uart_init)
../LAB2_LOOP_AUDIO_bsp/\libhal_bsp.a(altera_avalon_uart_read.o)
                              ../LAB2_LOOP_AUDIO_bsp/\libhal_bsp.a(altera_avalon_uart_fd.o) (altera_avalon_uart_read)
../LAB2_LOOP_AUDIO_bsp/\libhal_bsp.a(altera_avalon_uart_write.o)
                              ../LAB2_LOOP_AUDIO_bsp/\libhal_bsp.a(altera_avalon_uart_fd.o) (altera_avalon_uart_write)
../LAB2_LOOP_AUDIO_bsp/\libhal_bsp.a(altera_up_avalon_audio.o)
                              obj/default/hello_world.o (alt_up_audio_open_dev)
../LAB2_LOOP_AUDIO_bsp/\libhal_bsp.a(alt_alarm_start.o)
                              ../LAB2_LOOP_AUDIO_bsp/\libhal_bsp.a(altera_avalon_lcd_16207.o) (alt_alarm_start)
../LAB2_LOOP_AUDIO_bsp/\libhal_bsp.a(alt_close.o)
                              ../LAB2_LOOP_AUDIO_bsp/\libhal_bsp.a(alt_main.o) (close)
../LAB2_LOOP_AUDIO_bsp/\libhal_bsp.a(alt_dcache_flush_all.o)
                              ../LAB2_LOOP_AUDIO_bsp/\libhal_bsp.a(alt_load.o) (alt_dcache_flush_all)
../LAB2_LOOP_AUDIO_bsp/\libhal_bsp.a(alt_dev.o)
                              ../LAB2_LOOP_AUDIO_bsp/\libhal_bsp.a(alt_sys_init.o) (alt_dev_list)
../LAB2_LOOP_AUDIO_bsp/\libhal_bsp.a(alt_dev_llist_insert.o)
                              ../LAB2_LOOP_AUDIO_bsp/\libhal_bsp.a(alt_sys_init.o) (alt_dev_llist_insert)
../LAB2_LOOP_AUDIO_bsp/\libhal_bsp.a(alt_do_ctors.o)
                              ../LAB2_LOOP_AUDIO_bsp/\libhal_bsp.a(alt_main.o) (_do_ctors)
../LAB2_LOOP_AUDIO_bsp/\libhal_bsp.a(alt_do_dtors.o)
                              ../LAB2_LOOP_AUDIO_bsp/\libhal_bsp.a(alt_main.o) (_do_dtors)
../LAB2_LOOP_AUDIO_bsp/\libhal_bsp.a(alt_errno.o)
                              ../LAB2_LOOP_AUDIO_bsp/\libhal_bsp.a(altera_avalon_uart_read.o) (alt_errno)
../LAB2_LOOP_AUDIO_bsp/\libhal_bsp.a(alt_find_dev.o)
                              ../LAB2_LOOP_AUDIO_bsp/\libhal_bsp.a(altera_up_avalon_audio.o) (alt_find_dev)
../LAB2_LOOP_AUDIO_bsp/\libhal_bsp.a(alt_icache_flush_all.o)
                              ../LAB2_LOOP_AUDIO_bsp/\libhal_bsp.a(alt_load.o) (alt_icache_flush_all)
../LAB2_LOOP_AUDIO_bsp/\libhal_bsp.a(alt_io_redirect.o)
                              ../LAB2_LOOP_AUDIO_bsp/\libhal_bsp.a(alt_main.o) (alt_io_redirect)
../LAB2_LOOP_AUDIO_bsp/\libhal_bsp.a(alt_irq_register.o)
                              ../LAB2_LOOP_AUDIO_bsp/\libhal_bsp.a(altera_avalon_timer_sc.o) (alt_irq_register)
../LAB2_LOOP_AUDIO_bsp/\libhal_bsp.a(alt_irq_vars.o)
                              ../LAB2_LOOP_AUDIO_bsp/\libhal_bsp.a(alt_irq_register.o) (alt_irq_active)
../LAB2_LOOP_AUDIO_bsp/\libhal_bsp.a(alt_open.o)
                              ../LAB2_LOOP_AUDIO_bsp/\libhal_bsp.a(alt_io_redirect.o) (open)
../LAB2_LOOP_AUDIO_bsp/\libhal_bsp.a(alt_release_fd.o)
[...]
Memory Configuration

Name             Origin             Length             Attributes
reset            0x0000000000800000 0x0000000000000020
sdram_0          0x0000000000800020 0x00000000007fffe0
*default*        0x0000000000000000 0xffffffffffffffff

Linker script and memory map

LOAD ../LAB2_LOOP_AUDIO_bsp//obj/HAL/src/crt0.o
LOAD obj/default/hello_world.o
LOAD c:/software/altera/15.1/nios2eds/bin/gnu/h-x86_64-mingw32/bin/../lib/gcc/nios2-elf/4.9.2/../../../../../H-x86_64-mingw32/nios2-elf/lib\libstdc++.a
LOAD c:/software/altera/15.1/nios2eds/bin/gnu/h-x86_64-mingw32/bin/../lib/gcc/nios2-elf/4.9.2/../../../../../H-x86_64-mingw32/nios2-elf/lib\libm.a
LOAD c:/software/altera/15.1/nios2eds/bin/gnu/h-x86_64-mingw32/bin/../lib/gcc/nios2-elf/4.9.2\libgcc.a
START GROUP
LOAD c:/software/altera/15.1/nios2eds/bin/gnu/h-x86_64-mingw32/bin/../lib/gcc/nios2-elf/4.9.2/../../../../../H-x86_64-mingw32/nios2-elf/lib\libc.a
LOAD c:/software/altera/15.1/nios2eds/bin/gnu/h-x86_64-mingw32/bin/../lib/gcc/nios2-elf/4.9.2\libgcc.a
LOAD ../LAB2_LOOP_AUDIO_bsp/\libhal_bsp.a
LOAD c:/software/altera/15.1/nios2eds/bin/gnu/h-x86_64-mingw32/bin/../lib/gcc/nios2-elf/4.9.2/../../../../../H-x86_64-mingw32/nios2-elf/lib\libm.a
END GROUP
LOAD c:/software/altera/15.1/nios2eds/bin/gnu/h-x86_64-mingw32/bin/../lib/gcc/nios2-elf/4.9.2\libgcc.a
                0x0000000000800000                __alt_mem_sdram_0 = 0x800000

.entry          0x0000000000800000       0x20
 *(.entry)
 .entry         0x0000000000800000       0x20 ../LAB2_LOOP_AUDIO_bsp//obj/HAL/src/crt0.o
                0x0000000000800000                __reset

.exceptions     0x0000000000800020      0x224
                0x0000000000800020                PROVIDE (__ram_exceptions_start, ABSOLUTE (.))
                0x0000000000800020                . = ALIGN (0x20)
 *(.irq)
 *(.exceptions.entry.label)
 .exceptions.entry.label
                0x0000000000800020        0x0 ../LAB2_LOOP_AUDIO_bsp/\libhal_bsp.a(alt_irq_entry.o)
                0x0000000000800020                alt_irq_entry
 .exceptions.entry.label
                0x0000000000800020        0x0 ../LAB2_LOOP_AUDIO_bsp/\libhal_bsp.a(alt_exception_entry.o)
                0x0000000000800020                alt_exception
 *(.exceptions.entry.user)
 *(.exceptions.entry.ecc_fatal)
 *(.exceptions.entry)
 .exceptions.entry
                0x0000000000800020       0x54 ../LAB2_LOOP_AUDIO_bsp/\libhal_bsp.a(alt_exception_entry.o)
 *(.exceptions.irqtest.user)
 *(.exceptions.irqtest)
 .exceptions.irqtest
                0x0000000000800074       0x10 ../LAB2_LOOP_AUDIO_bsp/\libhal_bsp.a(alt_irq_entry.o)
 *(.exceptions.irqhandler.user)
 *(.exceptions.irqhandler)
 .exceptions.irqhandler
                0x0000000000800084        0x4 ../LAB2_LOOP_AUDIO_bsp/\libhal_bsp.a(alt_irq_entry.o)
 *(.exceptions.irqreturn.user)
 *(.exceptions.irqreturn)
 .exceptions.irqreturn
                0x0000000000800088        0x4 ../LAB2_LOOP_AUDIO_bsp/\libhal_bsp.a(alt_irq_entry.o)
 *(.exceptions.notirq.label)
 .exceptions.notirq.label
                0x000000000080008c        0x0 ../LAB2_LOOP_AUDIO_bsp/\libhal_bsp.a(alt_irq_entry.o)
 *(.exceptions.notirq.user)
 *(.exceptions.notirq)
 .exceptions.notirq
                0x000000000080008c        0x8 ../LAB2_LOOP_AUDIO_bsp/\libhal_bsp.a(alt_exception_entry.o)
 *(.exceptions.soft.user)
 *(.exceptions.soft)
 *(.exceptions.unknown.user)
 *(.exceptions.unknown)
 .exceptions.unknown
                0x0000000000800094       0x14 ../LAB2_LOOP_AUDIO_bsp/\libhal_bsp.a(alt_exception_entry.o)
 *(.exceptions.exit.label)
 .exceptions.exit.label
                0x00000000008000a8        0x0 ../LAB2_LOOP_AUDIO_bsp/\libhal_bsp.a(alt_irq_entry.o)
 .exceptions.exit.label
                0x00000000008000a8        0x0 ../LAB2_LOOP_AUDIO_bsp/\libhal_bsp.a(alt_exception_entry.o)
 *(.exceptions.exit.user)
 *(.exceptions.exit)
 .exceptions.exit
                0x00000000008000a8       0x54 ../LAB2_LOOP_AUDIO_bsp/\libhal_bsp.a(alt_exception_entry.o)
 *(.exceptions)
 .exceptions    0x00000000008000fc       0xd4 ../LAB2_LOOP_AUDIO_bsp/\libhal_bsp.a(alt_irq_handler.o)
                0x00000000008000fc                alt_irq_handler
 .exceptions    0x00000000008001d0       0x74 ../LAB2_LOOP_AUDIO_bsp/\libhal_bsp.a(alt_instruction_exception_entry.o)
                0x00000000008001d0                alt_instruction_exception_entry
                0x0000000000800244                PROVIDE (__ram_exceptions_end, ABSOLUTE (.))
                0x0000000000800020                PROVIDE (__flash_exceptions_start, LOADADDR (.exceptions))

.text           0x0000000000800244     0x65d4
                0x0000000000800244                PROVIDE (stext, ABSOLUTE (.))
 *(.interp)
 *(.hash)
 *(.dynsym)
 *(.dynstr)
 *(.gnu.version)
 *(.gnu.version_d)
 *(.gnu.version_r)
 *(.rel.init)
 *(.rela.init)
 *(.rel.text .rel.text.* .rel.gnu.linkonce.t.*)
 *(.rela.text .rela.text.* .rela.gnu.linkonce.t.*)
 *(.rel.fini)
 *(.rela.fini)
 *(.rel.rodata .rel.rodata.* .rel.gnu.linkonce.r.*)
 *(.rela.rodata .rela.rodata.* .rela.gnu.linkonce.r.*)
 *(.rel.data .rel.data.* .rel.gnu.linkonce.d.*)
 *(.rela.data .rela.data.* .rela.gnu.linkonce.d.*)
 *(.rel.tdata .rel.tdata.* .rel.gnu.linkonce.td.*)
 *(.rela.tdata .rela.tdata.* .rela.gnu.linkonce.td.*)
 *(.rel.tbss .rel.tbss.* .rel.gnu.linkonce.tb.*)
 *(.rela.tbss .rela.tbss.* .rela.gnu.linkonce.tb.*)
 *(.rel.ctors)
 *(.rela.ctors)
 *(.rel.dtors)
 *(.rela.dtors)
 *(.rel.got)
 *(.rela.got)
 *(.rel.sdata .rel.sdata.* .rel.gnu.linkonce.s.*)
 *(.rela.sdata .rela.sdata.* .rela.gnu.linkonce.s.*)
 *(.rel.sbss .rel.sbss.* .rel.gnu.linkonce.sb.*)
 *(.rela.sbss .rela.sbss.* .rela.gnu.linkonce.sb.*)
 *(.rel.sdata2 .rel.sdata2.* .rel.gnu.linkonce.s2.*)
 *(.rela.sdata2 .rela.sdata2.* .rela.gnu.linkonce.s2.*)
 *(.rel.sbss2 .rel.sbss2.* .rel.gnu.linkonce.sb2.*)
 *(.rela.sbss2 .rela.sbss2.* .rela.gnu.linkonce.sb2.*)
 *(.rel.bss .rel.bss.* .rel.gnu.linkonce.b.*)
 *(.rela.bss .rela.bss.* .rela.gnu.linkonce.b.*)
 *(.rel.plt)
 *(.rela.plt)
 *(.rel.dyn)
 *(.init)
 *(.plt)
 *(.text .stub .text.* .gnu.linkonce.t.*)
 .text          0x0000000000800244       0x4c ../LAB2_LOOP_AUDIO_bsp//obj/HAL/src/crt0.o
                0x0000000000800244                _start
 .text          0x0000000000800290       0xc0 obj/default/hello_world.o
                0x0000000000800290                main
 .text          0x0000000000800350       0xe4 ../LAB2_LOOP_AUDIO_bsp/\libhal_bsp.a(alt_load.o)
                0x00000000008003b4                alt_load
 .text          0x0000000000800434       0x78 ../LAB2_LOOP_AUDIO_bsp/\libhal_bsp.a(alt_main.o)
                0x0000000000800434                alt_main
 .text          0x00000000008004ac      0x228 ../LAB2_LOOP_AUDIO_bsp/\libhal_bsp.a(alt_printf.o)
                0x00000000008004ac                alt_printf
 .text          0x00000000008006d4       0x44 ../LAB2_LOOP_AUDIO_bsp/\libhal_bsp.a(alt_putchar.o)
                0x00000000008006d4                alt_putchar
 .text          0x0000000000800718      0x108 ../LAB2_LOOP_AUDIO_bsp/\libhal_bsp.a(alt_sys_init.o)
                0x0000000000800750                alt_irq_init
                0x0000000000800784                alt_sys_init
 .text          0x0000000000800820       0xc0 ../LAB2_LOOP_AUDIO_bsp/\libhal_bsp.a(altera_avalon_jtag_uart_fd.o)
                0x0000000000800820                altera_avalon_jtag_uart_read_fd
                0x0000000000800880                altera_avalon_jtag_uart_write_fd
 .text          0x00000000008008e0       0xe4 ../LAB2_LOOP_AUDIO_bsp/\libhal_bsp.a(altera_avalon_jtag_uart_read.o)
                0x00000000008008e0                altera_avalon_jtag_uart_read
 .text          0x00000000008009c4       0x94 ../LAB2_LOOP_AUDIO_bsp/\libhal_bsp.a(altera_avalon_jtag_uart_write.o)
                0x00000000008009c4                altera_avalon_jtag_uart_write
 .text          0x0000000000800a58      0xe70 ../LAB2_LOOP_AUDIO_bsp/\libhal_bsp.a(altera_avalon_lcd_16207.o)
                0x00000000008011fc                altera_avalon_lcd_16207_write
                0x0000000000801790                altera_avalon_lcd_16207_init
 .text          0x00000000008018c8       0x60 ../LAB2_LOOP_AUDIO_bsp/\libhal_bsp.a(altera_avalon_lcd_16207_fd.o)
                0x00000000008018c8                altera_avalon_lcd_16207_write_fd
 .text          0x0000000000801928       0xf8 ../LAB2_LOOP_AUDIO_bsp/\libhal_bsp.a(altera_avalon_timer_sc.o)
                0x00000000008019a0                alt_avalon_timer_sc_init
 .text          0x0000000000801a20      0x110 ../LAB2_LOOP_AUDIO_bsp/\libhal_bsp.a(altera_avalon_uart_fd.o)
                0x0000000000801a20                altera_avalon_uart_read_fd
                0x0000000000801a80                altera_avalon_uart_write_fd
                0x0000000000801ae0                altera_avalon_uart_close_fd
 .text          0x0000000000801b30      0x3b4 ../LAB2_LOOP_AUDIO_bsp/\libhal_bsp.a(altera_avalon_uart_init.o)
                0x0000000000801b30                altera_avalon_uart_init
                0x0000000000801e90                altera_avalon_uart_close
 .text          0x0000000000801ee4      0x22c ../LAB2_LOOP_AUDIO_bsp/\libhal_bsp.a(altera_avalon_uart_read.o)
                0x0000000000801f34                altera_avalon_uart_read
 .text          0x0000000000802110      0x1fc ../LAB2_LOOP_AUDIO_bsp/\libhal_bsp.a(altera_avalon_uart_write.o)
                0x0000000000802160                altera_avalon_uart_write
 .text          0x000000000080230c      0x794 ../LAB2_LOOP_AUDIO_bsp/\libhal_bsp.a(altera_up_avalon_audio.o)
                0x000000000080230c                alt_up_audio_open_dev
                0x000000000080234c                alt_up_audio_enable_read_interrupt
                0x000000000080239c                alt_up_audio_disable_read_interrupt
                0x00000000008023f0                alt_up_audio_enable_write_interrupt
                0x0000000000802440                alt_up_audio_disable_write_interrupt
                0x0000000000802494                alt_up_audio_read_interrupt_pending
                0x00000000008024d4                alt_up_audio_write_interrupt_pending
                0x0000000000802514                alt_up_audio_reset_audio_core
                0x00000000008025a4                alt_up_audio_read_fifo_avail
                0x0000000000802604                alt_up_audio_record_r
                0x000000000080266c                alt_up_audio_record_l
                0x00000000008026d4                alt_up_audio_write_fifo_space
                0x0000000000802734                alt_up_audio_play_r
                0x000000000080279c                alt_up_audio_play_l
                0x0000000000802804                alt_up_audio_read_fifo
                0x00000000008028e4                alt_up_audio_write_fifo
                0x00000000008029ec                alt_up_audio_read_fifo_head
                0x0000000000802a3c                alt_up_audio_write_fifo_head
 .text          0x0000000000802aa0      0x140 ../LAB2_LOOP_AUDIO_bsp/\libhal_bsp.a(alt_alarm_start.o)
                0x0000000000802aa0                alt_alarm_start
 .text          0x0000000000802be0      0x120 ../LAB2_LOOP_AUDIO_bsp/\libhal_bsp.a(alt_close.o)
                0x0000000000802c30                close
 .text          0x0000000000802d00       0x44 ../LAB2_LOOP_AUDIO_bsp/\libhal_bsp.a(alt_dcache_flush_all.o)
                0x0000000000802d00                alt_dcache_flush_all
 .text          0x0000000000802d44       0x2c ../LAB2_LOOP_AUDIO_bsp/\libhal_bsp.a(alt_dev.o)
 .text          0x0000000000802d70       0xf4 ../LAB2_LOOP_AUDIO_bsp/\libhal_bsp.a(alt_dev_llist_insert.o)
                0x0000000000802dc0                alt_dev_llist_insert
 .text          0x0000000000802e64       0x5c ../LAB2_LOOP_AUDIO_bsp/\libhal_bsp.a(alt_do_ctors.o)
                0x0000000000802e64                _do_ctors
 .text          0x0000000000802ec0       0x5c ../LAB2_LOOP_AUDIO_bsp/\libhal_bsp.a(alt_do_dtors.o)
                0x0000000000802ec0                _do_dtors
 .text          0x0000000000802f1c        0x0 ../LAB2_LOOP_AUDIO_bsp/\libhal_bsp.a(alt_errno.o)
 .text          0x0000000000802f1c       0x90 ../LAB2_LOOP_AUDIO_bsp/\libhal_bsp.a(alt_find_dev.o)
                0x0000000000802f1c                alt_find_dev
 .text          0x0000000000802fac       0x30 ../LAB2_LOOP_AUDIO_bsp/\libhal_bsp.a(alt_icache_flush_all.o)
                0x0000000000802fac                alt_icache_flush_all
 .text          0x0000000000802fdc      0x138 ../LAB2_LOOP_AUDIO_bsp/\libhal_bsp.a(alt_io_redirect.o)
                0x000000000080309c                alt_io_redirect
 .text          0x0000000000803114      0x1b0 ../LAB2_LOOP_AUDIO_bsp/\libhal_bsp.a(alt_irq_register.o)
                0x0000000000803114                alt_irq_register
 .text          0x00000000008032c4        0x0 ../LAB2_LOOP_AUDIO_bsp/\libhal_bsp.a(alt_irq_vars.o)
 .text          0x00000000008032c4      0x274 ../LAB2_LOOP_AUDIO_bsp/\libhal_bsp.a(alt_open.o)
                0x00000000008033e0                open
 .text          0x0000000000803538       0x60 ../LAB2_LOOP_AUDIO_bsp/\libhal_bsp.a(alt_release_fd.o)
                0x0000000000803538                alt_release_fd
 .text          0x0000000000803598      0x19c ../LAB2_LOOP_AUDIO_bsp/\libhal_bsp.a(alt_tick.o)
                0x0000000000803598                alt_alarm_stop
                0x0000000000803630                alt_tick
 .text          0x0000000000803734       0x30 ../LAB2_LOOP_AUDIO_bsp/\libhal_bsp.a(alt_usleep.o)
                0x0000000000803734                usleep
 .text          0x0000000000803764       0x20 ../LAB2_LOOP_AUDIO_bsp/\libhal_bsp.a(altera_nios2_gen2_irq.o)
                0x0000000000803764                altera_nios2_gen2_irq_init
 .text          0x0000000000803784      0x158 ../LAB2_LOOP_AUDIO_bsp/\libhal_bsp.a(alt_busy_sleep.o)
                0x0000000000803784                alt_busy_sleep
 .text          0x00000000008038dc      0x114 ../LAB2_LOOP_AUDIO_bsp/\libhal_bsp.a(alt_find_file.o)
                0x00000000008038dc                alt_find_file
 .text          0x00000000008039f0       0xb4 ../LAB2_LOOP_AUDIO_bsp/\libhal_bsp.a(alt_get_fd.o)
                0x00000000008039f0                alt_get_fd
 .text          0x0000000000803aa4       0x8c ../LAB2_LOOP_AUDIO_bsp/\libhal_bsp.a(alt_icache_flush.o)
                0x0000000000803aa4                alt_icache_flush
 .text          0x0000000000803b30        0x0 ../LAB2_LOOP_AUDIO_bsp/\libhal_bsp.a(alt_irq_entry.o)
 .text          0x0000000000803b30        0x0 ../LAB2_LOOP_AUDIO_bsp/\libhal_bsp.a(alt_irq_handler.o)
 .text          0x0000000000803b30        0x0 ../LAB2_LOOP_AUDIO_bsp/\libhal_bsp.a(alt_exception_entry.o)
 .text          0x0000000000803b30       0x9c ../LAB2_LOOP_AUDIO_bsp/\libhal_bsp.a(alt_instruction_exception_entry.o)
                0x0000000000803b30                alt_exception_cause_generated_bad_addr
 .text          0x0000000000803bcc        0x0 c:/software/altera/15.1/nios2eds/bin/gnu/h-x86_64-mingw32/bin/../lib/gcc/nios2-elf/4.9.2/../../../../../H-x86_64-mingw32/nios2-elf/lib\libc.a(lib_a-atexit.o)
 .text.atexit   0x0000000000803bcc       0x14 c:/software/altera/15.1/nios2eds/bin/gnu/h-x86_64-mingw32/bin/../lib/gcc/nios2-elf/4.9.2/../../../../../H-x86_64-mingw32/nios2-elf/lib\libc.a(lib_a-atexit.o)
                0x0000000000803bcc                atexit
 .text          0x0000000000803be0        0x0 c:/software/altera/15.1/nios2eds/bin/gnu/h-x86_64-mingw32/bin/../lib/gcc/nios2-elf/4.9.2/../../../../../H-x86_64-mingw32/nios2-elf/lib\libc.a(lib_a-ctype_.o)
 .text          0x0000000000803be0        0x0 c:/software/altera/15.1/nios2eds/bin/gnu/h-x86_64-mingw32/bin/../lib/gcc/nios2-elf/4.9.2/../../../../../H-x86_64-mingw32/nios2-elf/lib\libc.a(lib_a-exit.o)
 .text.exit     0x0000000000803be0       0x38 c:/software/altera/15.1/nios2eds/bin/gnu/h-x86_64-mingw32/bin/../lib/gcc/nios2-elf/4.9.2/../../../../../H-x86_64-mingw32/nios2-elf/lib\libc.a(lib_a-exit.o)
                0x0000000000803be0                exit
 .text          0x0000000000803c18        0x0 c:/software/altera/15.1/nios2eds/bin/gnu/h-x86_64-mingw32/bin/../lib/gcc/nios2-elf/4.9.2/../../../../../H-x86_64-mingw32/nios2-elf/lib\libc.a(lib_a-impure.o)
 .text          0x0000000000803c18        0x0 c:/software/altera/15.1/nios2eds/bin/gnu/h-x86_64-mingw32/bin/../lib/gcc/nios2-elf/4.9.2/../../../../../H-x86_64-mingw32/nios2-elf/lib\libc.a(lib_a-int_errno.o)
 .text          0x0000000000803c18        0x0 c:/software/altera/15.1/nios2eds/bin/gnu/h-x86_64-mingw32/bin/../lib/gcc/nios2-elf/4.9.2/../../../../../H-x86_64-mingw32/nios2-elf/lib\libc.a(lib_a-memcmp.o)
 .text.memcmp   0x0000000000803c18       0x7c c:/software/altera/15.1/nios2eds/bin/gnu/h-x86_64-mingw32/bin/../lib/gcc/nios2-elf/4.9.2/../../../../../H-x86_64-mingw32/nios2-elf/lib\libc.a(lib_a-memcmp.o)
                0x0000000000803c18                memcmp
 .text          0x0000000000803c94        0x0 c:/software/altera/15.1/nios2eds/bin/gnu/h-x86_64-mingw32/bin/../lib/gcc/nios2-elf/4.9.2/../../../../../H-x86_64-mingw32/nios2-elf/lib\libc.a(lib_a-memcpy.o)
 .text.memcpy   0x0000000000803c94      0x138 c:/software/altera/15.1/nios2eds/bin/gnu/h-x86_64-mingw32/bin/../lib/gcc/nios2-elf/4.9.2/../../../../../H-x86_64-mingw32/nios2-elf/lib\libc.a(lib_a-memcpy.o)
                0x0000000000803c94                memcpy
 .text          0x0000000000803dcc        0x0 c:/software/altera/15.1/nios2eds/bin/gnu/h-x86_64-mingw32/bin/../lib/gcc/nios2-elf/4.9.2/../../../../../H-x86_64-mingw32/nios2-elf/lib\libc.a(lib_a-memset.o)
 .text.memset   0x0000000000803dcc      0x124 c:/software/altera/15.1/nios2eds/bin/gnu/h-x86_64-mingw32/bin/../lib/gcc/nios2-elf/4.9.2/../../../../../H-x86_64-mingw32/nios2-elf/lib\libc.a(lib_a-memset.o)
                0x0000000000803dcc                memset
 .text          0x0000000000803ef0        0x0 c:/software/altera/15.1/nios2eds/bin/gnu/h-x86_64-mingw32/bin/../lib/gcc/nios2-elf/4.9.2/../../../../../H-x86_64-mingw32/nios2-elf/lib\libc.a(lib_a-putc.o)
 .text._putc_r  0x0000000000803ef0       0xa0 c:/software/altera/15.1/nios2eds/bin/gnu/h-x86_64-mingw32/bin/../lib/gcc/nios2-elf/4.9.2/../../../../../H-x86_64-mingw32/nios2-elf/lib\libc.a(lib_a-putc.o)
                0x0000000000803ef0                _putc_r
 .text.putc     0x0000000000803f90       0xcc c:/software/altera/15.1/nios2eds/bin/gnu/h-x86_64-mingw32/bin/../lib/gcc/nios2-elf/4.9.2/../../../../../H-x86_64-mingw32/nios2-elf/lib\libc.a(lib_a-putc.o)
                0x0000000000803f90                putc
 .text          0x000000000080405c        0x0 c:/software/altera/15.1/nios2eds/bin/gnu/h-x86_64-mingw32/bin/../lib/gcc/nios2-elf/4.9.2/../../../../../H-x86_64-mingw32/nios2-elf/lib\libc.a(lib_a-strlen.o)
 .text.strlen   0x000000000080405c       0x98 c:/software/altera/15.1/nios2eds/bin/gnu/h-x86_64-mingw32/bin/../lib/gcc/nios2-elf/4.9.2/../../../../../H-x86_64-mingw32/nios2-elf/lib\libc.a(lib_a-strlen.o)
                0x000000000080405c                strlen
 .text          0x00000000008040f4        0x0 c:/software/altera/15.1/nios2eds/bin/gnu/h-x86_64-mingw32/bin/../lib/gcc/nios2-elf/4.9.2/../../../../../H-x86_64-mingw32/nios2-elf/lib\libc.a(lib_a-wbuf.o)
 .text.__swbuf_r
                0x00000000008040f4      0x138 c:/software/altera/15.1/nios2eds/bin/gnu/h-x86_64-mingw32/bin/../lib/gcc/nios2-elf/4.9.2/../../../../../H-x86_64-mingw32/nios2-elf/lib\libc.a(lib_a-wbuf.o)
                0x00000000008040f4                __swbuf_r
 .text.__swbuf  0x000000000080422c       0x1c c:/software/altera/15.1/nios2eds/bin/gnu/h-x86_64-mingw32/bin/../lib/gcc/nios2-elf/4.9.2/../../../../../H-x86_64-mingw32/nios2-elf/lib\libc.a(lib_a-wbuf.o)
                0x000000000080422c                __swbuf
 .text          0x0000000000804248        0x0 c:/software/altera/15.1/nios2eds/bin/gnu/h-x86_64-mingw32/bin/../lib/gcc/nios2-elf/4.9.2/../../../../../H-x86_64-mingw32/nios2-elf/lib\libc.a(lib_a-wsetup.o)
 .text.__swsetup_r
                0x0000000000804248      0x154 c:/software/altera/15.1/nios2eds/bin/gnu/h-x86_64-mingw32/bin/../lib/gcc/nios2-elf/4.9.2/../../../../../H-x86_64-mingw32/nios2-elf/lib\libc.a(lib_a-wsetup.o)
                0x0000000000804248                __swsetup_r
 .text          0x000000000080439c        0x0 c:/software/altera/15.1/nios2eds/bin/gnu/h-x86_64-mingw32/bin/../lib/gcc/nios2-elf/4.9.2/../../../../../H-x86_64-mingw32/nios2-elf/lib\libc.a(lib_a-__atexit.o)
 .text.__register_exitproc
                0x000000000080439c      0x114 c:/software/altera/15.1/nios2eds/bin/gnu/h-x86_64-mingw32/bin/../lib/gcc/nios2-elf/4.9.2/../../../../../H-x86_64-mingw32/nios2-elf/lib\libc.a(lib_a-__atexit.o)
                0x000000000080439c                __register_exitproc
 .text          0x00000000008044b0        0x0 c:/software/altera/15.1/nios2eds/bin/gnu/h-x86_64-mingw32/bin/../lib/gcc/nios2-elf/4.9.2/../../../../../H-x86_64-mingw32/nios2-elf/lib\libc.a(lib_a-__call_atexit.o)
 .text.__call_exitprocs
                0x00000000008044b0      0x194 c:/software/altera/15.1/nios2eds/bin/gnu/h-x86_64-mingw32/bin/../lib/gcc/nios2-elf/4.9.2/../../../../../H-x86_64-mingw32/nios2-elf/lib\libc.a(lib_a-__call_atexit.o)
                0x00000000008044b0                __call_exitprocs
 .text          0x0000000000804644        0x0 c:/software/altera/15.1/nios2eds/bin/gnu/h-x86_64-mingw32/bin/../lib/gcc/nios2-elf/4.9.2/../../../../../H-x86_64-mingw32/nios2-elf/lib\libc.a(lib_a-fflush.o)
 .text.__sflush_r
                0x0000000000804644      0x208 c:/software/altera/15.1/nios2eds/bin/gnu/h-x86_64-mingw32/bin/../lib/gcc/nios2-elf/4.9.2/../../../../../H-x86_64-mingw32/nios2-elf/lib\libc.a(lib_a-fflush.o)
                0x0000000000804644                __sflush_r
 .text._fflush_r
                0x000000000080484c       0x5c c:/software/altera/15.1/nios2eds/bin/gnu/h-x86_64-mingw32/bin/../lib/gcc/nios2-elf/4.9.2/../../../../../H-x86_64-mingw32/nios2-elf/lib\libc.a(lib_a-fflush.o)
                0x000000000080484c                _fflush_r
 .text.fflush   0x00000000008048a8       0x30 c:/software/altera/15.1/nios2eds/bin/gnu/h-x86_64-mingw32/bin/../lib/gcc/nios2-elf/4.9.2/../../../../../H-x86_64-mingw32/nios2-elf/lib\libc.a(lib_a-fflush.o)
                0x00000000008048a8                fflush
 .text          0x00000000008048d8        0x0 c:/software/altera/15.1/nios2eds/bin/gnu/h-x86_64-mingw32/bin/../lib/gcc/nios2-elf/4.9.2/../../../../../H-x86_64-mingw32/nios2-elf/lib\libc.a(lib_a-findfp.o)
 .text.__fp_lock
                0x00000000008048d8        0x8 c:/software/altera/15.1/nios2eds/bin/gnu/h-x86_64-mingw32/bin/../lib/gcc/nios2-elf/4.9.2/../../../../../H-x86_64-mingw32/nios2-elf/lib\libc.a(lib_a-findfp.o)
 .text.__fp_unlock
                0x00000000008048e0        0x8 c:/software/altera/15.1/nios2eds/bin/gnu/h-x86_64-mingw32/bin/../lib/gcc/nios2-elf/4.9.2/../../../../../H-x86_64-mingw32/nios2-elf/lib\libc.a(lib_a-findfp.o)
 .text._cleanup_r
                0x00000000008048e8        0xc c:/software/altera/15.1/nios2eds/bin/gnu/h-x86_64-mingw32/bin/../lib/gcc/nios2-elf/4.9.2/../../../../../H-x86_64-mingw32/nios2-elf/lib\libc.a(lib_a-findfp.o)
                0x00000000008048e8                _cleanup_r
 .text.__sinit.part.1
                0x00000000008048f4      0x19c c:/software/altera/15.1/nios2eds/bin/gnu/h-x86_64-mingw32/bin/../lib/gcc/nios2-elf/4.9.2/../../../../../H-x86_64-mingw32/nios2-elf/lib\libc.a(lib_a-findfp.o)
 .text.__sfmoreglue
                0x0000000000804a90       0x68 c:/software/altera/15.1/nios2eds/bin/gnu/h-x86_64-mingw32/bin/../lib/gcc/nios2-elf/4.9.2/../../../../../H-x86_64-mingw32/nios2-elf/lib\libc.a(lib_a-findfp.o)
                0x0000000000804a90                __sfmoreglue
 .text.__sfp    0x0000000000804af8      0x118 c:/software/altera/15.1/nios2eds/bin/gnu/h-x86_64-mingw32/bin/../lib/gcc/nios2-elf/4.9.2/../../../../../H-x86_64-mingw32/nios2-elf/lib\libc.a(lib_a-findfp.o)
                0x0000000000804af8                __sfp
 .text._cleanup
                0x0000000000804c10       0x18 c:/software/altera/15.1/nios2eds/bin/gnu/h-x86_64-mingw32/bin/../lib/gcc/nios2-elf/4.9.2/../../../../../H-x86_64-mingw32/nios2-elf/lib\libc.a(lib_a-findfp.o)
                0x0000000000804c10                _cleanup
 .text.__sinit  0x0000000000804c28       0x10 c:/software/altera/15.1/nios2eds/bin/gnu/h-x86_64-mingw32/bin/../lib/gcc/nios2-elf/4.9.2/../../../../../H-x86_64-mingw32/nios2-elf/lib\libc.a(lib_a-findfp.o)
                0x0000000000804c28                __sinit
 .text.__sfp_lock_acquire
                0x0000000000804c38        0x4 c:/software/altera/15.1/nios2eds/bin/gnu/h-x86_64-mingw32/bin/../lib/gcc/nios2-elf/4.9.2/../../../../../H-x86_64-mingw32/nios2-elf/lib\libc.a(lib_a-findfp.o)
                0x0000000000804c38                __sfp_lock_acquire
 .text.__sfp_lock_release
                0x0000000000804c3c        0x4 c:/software/altera/15.1/nios2eds/bin/gnu/h-x86_64-mingw32/bin/../lib/gcc/nios2-elf/4.9.2/../../../../../H-x86_64-mingw32/nios2-elf/lib\libc.a(lib_a-findfp.o)
                0x0000000000804c3c                __sfp_lock_release
 .text.__sinit_lock_acquire
                0x0000000000804c40        0x4 c:/software/altera/15.1/nios2eds/bin/gnu/h-x86_64-mingw32/bin/../lib/gcc/nios2-elf/4.9.2/../../../../../H-x86_64-mingw32/nios2-elf/lib\libc.a(lib_a-findfp.o)
                0x0000000000804c40                __sinit_lock_acquire
 .text.__sinit_lock_release
                0x0000000000804c44        0x4 c:/software/altera/15.1/nios2eds/bin/gnu/h-x86_64-mingw32/bin/../lib/gcc/nios2-elf/4.9.2/../../../../../H-x86_64-mingw32/nios2-elf/lib\libc.a(lib_a-findfp.o)
                0x0000000000804c44                __sinit_lock_release
 .text.__fp_lock_all
                0x0000000000804c48       0x18 c:/software/altera/15.1/nios2eds/bin/gnu/h-x86_64-mingw32/bin/../lib/gcc/nios2-elf/4.9.2/../../../../../H-x86_64-mingw32/nios2-elf/lib\libc.a(lib_a-findfp.o)
                0x0000000000804c48                __fp_lock_all
 .text.__fp_unlock_all
                0x0000000000804c60       0x18 c:/software/altera/15.1/nios2eds/bin/gnu/h-x86_64-mingw32/bin/../lib/gcc/nios2-elf/4.9.2/../../../../../H-x86_64-mingw32/nios2-elf/lib\libc.a(lib_a-findfp.o)
                0x0000000000804c60                __fp_unlock_all
 .text          0x0000000000804c78        0x0 c:/software/altera/15.1/nios2eds/bin/gnu/h-x86_64-mingw32/bin/../lib/gcc/nios2-elf/4.9.2/../../../../../H-x86_64-mingw32/nios2-elf/lib\libc.a(lib_a-freer.o)
 .text._malloc_trim_r
                0x0000000000804c78      0x124 c:/software/altera/15.1/nios2eds/bin/gnu/h-x86_64-mingw32/bin/../lib/gcc/nios2-elf/4.9.2/../../../../../H-x86_64-mingw32/nios2-elf/lib\libc.a(lib_a-freer.o)
                0x0000000000804c78                _malloc_trim_r
 .text._free_r  0x0000000000804d9c      0x2f0 c:/software/altera/15.1/nios2eds/bin/gnu/h-x86_64-mingw32/bin/../lib/gcc/nios2-elf/4.9.2/../../../../../H-x86_64-mingw32/nios2-elf/lib\libc.a(lib_a-freer.o)
                0x0000000000804d9c                _free_r
 .text          0x000000000080508c        0x0 c:/software/altera/15.1/nios2eds/bin/gnu/h-x86_64-mingw32/bin/../lib/gcc/nios2-elf/4.9.2/../../../../../H-x86_64-mingw32/nios2-elf/lib\libc.a(lib_a-fwalk.o)
 .text._fwalk   0x000000000080508c       0xc4 c:/software/altera/15.1/nios2eds/bin/gnu/h-x86_64-mingw32/bin/../lib/gcc/nios2-elf/4.9.2/../../../../../H-x86_64-mingw32/nios2-elf/lib\libc.a(lib_a-fwalk.o)
                0x000000000080508c                _fwalk
 .text._fwalk_reent
                0x0000000000805150       0xc4 c:/software/altera/15.1/nios2eds/bin/gnu/h-x86_64-mingw32/bin/../lib/gcc/nios2-elf/4.9.2/../../../../../H-x86_64-mingw32/nios2-elf/lib\libc.a(lib_a-fwalk.o)
                0x0000000000805150                _fwalk_reent
 .text          0x0000000000805214        0x0 c:/software/altera/15.1/nios2eds/bin/gnu/h-x86_64-mingw32/bin/../lib/gcc/nios2-elf/4.9.2/../../../../../H-x86_64-mingw32/nios2-elf/lib\libc.a(lib_a-makebuf.o)
 .text.__smakebuf_r
                0x0000000000805214      0x1b8 c:/software/altera/15.1/nios2eds/bin/gnu/h-x86_64-mingw32/bin/../lib/gcc/nios2-elf/4.9.2/../../../../../H-x86_64-mingw32/nios2-elf/lib\libc.a(lib_a-makebuf.o)
                0x0000000000805214                __smakebuf_r
 .text          0x00000000008053cc        0x0 c:/software/altera/15.1/nios2eds/bin/gnu/h-x86_64-mingw32/bin/../lib/gcc/nios2-elf/4.9.2/../../../../../H-x86_64-mingw32/nios2-elf/lib\libc.a(lib_a-mallocr.o)
 .text._malloc_r
                0x00000000008053cc      0x7a8 c:/software/altera/15.1/nios2eds/bin/gnu/h-x86_64-mingw32/bin/../lib/gcc/nios2-elf/4.9.2/../../../../../H-x86_64-mingw32/nios2-elf/lib\libc.a(lib_a-mallocr.o)
                0x00000000008053cc                _malloc_r
 .text          0x0000000000805b74        0x0 c:/software/altera/15.1/nios2eds/bin/gnu/h-x86_64-mingw32/bin/../lib/gcc/nios2-elf/4.9.2/../../../../../H-x86_64-mingw32/nios2-elf/lib\libc.a(lib_a-sbrkr.o)
 .text._sbrk_r  0x0000000000805b74       0x54 c:/software/altera/15.1/nios2eds/bin/gnu/h-x86_64-mingw32/bin/../lib/gcc/nios2-elf/4.9.2/../../../../../H-x86_64-mingw32/nios2-elf/lib\libc.a(lib_a-sbrkr.o)
                0x0000000000805b74                _sbrk_r
 .text          0x0000000000805bc8        0x0 c:/software/altera/15.1/nios2eds/bin/gnu/h-x86_64-mingw32/bin/../lib/gcc/nios2-elf/4.9.2/../../../../../H-x86_64-mingw32/nios2-elf/lib\libc.a(lib_a-stdio.o)
 .text.__sread  0x0000000000805bc8       0x54 c:/software/altera/15.1/nios2eds/bin/gnu/h-x86_64-mingw32/bin/../lib/gcc/nios2-elf/4.9.2/../../../../../H-x86_64-mingw32/nios2-elf/lib\libc.a(lib_a-stdio.o)
                0x0000000000805bc8                __sread
 .text.__seofread
                0x0000000000805c1c        0x8 c:/software/altera/15.1/nios2eds/bin/gnu/h-x86_64-mingw32/bin/../lib/gcc/nios2-elf/4.9.2/../../../../../H-x86_64-mingw32/nios2-elf/lib\libc.a(lib_a-stdio.o)
                0x0000000000805c1c                __seofread
 .text.__swrite
                0x0000000000805c24       0x7c c:/software/altera/15.1/nios2eds/bin/gnu/h-x86_64-mingw32/bin/../lib/gcc/nios2-elf/4.9.2/../../../../../H-x86_64-mingw32/nios2-elf/lib\libc.a(lib_a-stdio.o)
                0x0000000000805c24                __swrite
 .text.__sseek  0x0000000000805ca0       0x5c c:/software/altera/15.1/nios2eds/bin/gnu/h-x86_64-mingw32/bin/../lib/gcc/nios2-elf/4.9.2/../../../../../H-x86_64-mingw32/nios2-elf/lib\libc.a(lib_a-stdio.o)
                0x0000000000805ca0                __sseek
 .text.__sclose
                0x0000000000805cfc        0x8 c:/software/altera/15.1/nios2eds/bin/gnu/h-x86_64-mingw32/bin/../lib/gcc/nios2-elf/4.9.2/../../../../../H-x86_64-mingw32/nios2-elf/lib\libc.a(lib_a-stdio.o)
                0x0000000000805cfc                __sclose
 .text          0x0000000000805d04        0x0 c:/software/altera/15.1/nios2eds/bin/gnu/h-x86_64-mingw32/bin/../lib/gcc/nios2-elf/4.9.2/../../../../../H-x86_64-mingw32/nios2-elf/lib\libc.a(lib_a-writer.o)
 .text._write_r
                0x0000000000805d04       0x5c c:/software/altera/15.1/nios2eds/bin/gnu/h-x86_64-mingw32/bin/../lib/gcc/nios2-elf/4.9.2/../../../../../H-x86_64-mingw32/nios2-elf/lib\libc.a(lib_a-writer.o)
                0x0000000000805d04                _write_r
 .text          0x0000000000805d60        0x0 c:/software/altera/15.1/nios2eds/bin/gnu/h-x86_64-mingw32/bin/../lib/gcc/nios2-elf/4.9.2/../../../../../H-x86_64-mingw32/nios2-elf/lib\libc.a(closer.o)
 .text._close_r
                0x0000000000805d60       0x54 c:/software/altera/15.1/nios2eds/bin/gnu/h-x86_64-mingw32/bin/../lib/gcc/nios2-elf/4.9.2/../../../../../H-x86_64-mingw32/nios2-elf/lib\libc.a(closer.o)
                0x0000000000805d60                _close_r
 .text          0x0000000000805db4        0x0 c:/software/altera/15.1/nios2eds/bin/gnu/h-x86_64-mingw32/bin/../lib/gcc/nios2-elf/4.9.2/../../../../../H-x86_64-mingw32/nios2-elf/lib\libc.a(lib_a-fclose.o)
 .text._fclose_r
                0x0000000000805db4       0xf0 c:/software/altera/15.1/nios2eds/bin/gnu/h-x86_64-mingw32/bin/../lib/gcc/nios2-elf/4.9.2/../../../../../H-x86_64-mingw32/nios2-elf/lib\libc.a(lib_a-fclose.o)
                0x0000000000805db4                _fclose_r
 .text.fclose   0x0000000000805ea4       0x14 c:/software/altera/15.1/nios2eds/bin/gnu/h-x86_64-mingw32/bin/../lib/gcc/nios2-elf/4.9.2/../../../../../H-x86_64-mingw32/nios2-elf/lib\libc.a(lib_a-fclose.o)
                0x0000000000805ea4                fclose
 .text          0x0000000000805eb8        0x0 c:/software/altera/15.1/nios2eds/bin/gnu/h-x86_64-mingw32/bin/../lib/gcc/nios2-elf/4.9.2/../../../../../H-x86_64-mingw32/nios2-elf/lib\libc.a(lib_a-fstatr.o)
 .text._fstat_r
                0x0000000000805eb8       0x58 c:/software/altera/15.1/nios2eds/bin/gnu/h-x86_64-mingw32/bin/../lib/gcc/nios2-elf/4.9.2/../../../../../H-x86_64-mingw32/nios2-elf/lib\libc.a(lib_a-fstatr.o)
                0x0000000000805eb8                _fstat_r
 .text          0x0000000000805f10        0x0 c:/software/altera/15.1/nios2eds/bin/gnu/h-x86_64-mingw32/bin/../lib/gcc/nios2-elf/4.9.2/../../../../../H-x86_64-mingw32/nios2-elf/lib\libc.a(lib_a-isattyr.o)
 .text._isatty_r
                0x0000000000805f10       0x54 c:/software/altera/15.1/nios2eds/bin/gnu/h-x86_64-mingw32/bin/../lib/gcc/nios2-elf/4.9.2/../../../../../H-x86_64-mingw32/nios2-elf/lib\libc.a(lib_a-isattyr.o)
                0x0000000000805f10                _isatty_r
 .text          0x0000000000805f64        0x0 c:/software/altera/15.1/nios2eds/bin/gnu/h-x86_64-mingw32/bin/../lib/gcc/nios2-elf/4.9.2/../../../../../H-x86_64-mingw32/nios2-elf/lib\libc.a(lib_a-lseekr.o)
 .text._lseek_r
                0x0000000000805f64       0x5c c:/software/altera/15.1/nios2eds/bin/gnu/h-x86_64-mingw32/bin/../lib/gcc/nios2-elf/4.9.2/../../../../../H-x86_64-mingw32/nios2-elf/lib\libc.a(lib_a-lseekr.o)
                0x0000000000805f64                _lseek_r
 .text          0x0000000000805fc0        0x0 c:/software/altera/15.1/nios2eds/bin/gnu/h-x86_64-mingw32/bin/../lib/gcc/nios2-elf/4.9.2/../../../../../H-x86_64-mingw32/nios2-elf/lib\libc.a(lib_a-readr.o)
 .text._read_r  0x0000000000805fc0       0x5c c:/software/altera/15.1/nios2eds/bin/gnu/h-x86_64-mingw32/bin/../lib/gcc/nios2-elf/4.9.2/../../../../../H-x86_64-mingw32/nios2-elf/lib\libc.a(lib_a-readr.o)
                0x0000000000805fc0                _read_r
 .text          0x000000000080601c      0x12c c:/software/altera/15.1/nios2eds/bin/gnu/h-x86_64-mingw32/bin/../lib/gcc/nios2-elf/4.9.2\libgcc.a(lib2-divmod.o)
                0x0000000000806088                __divsi3
                0x00000000008060dc                __modsi3
                0x0000000000806138                __udivsi3
                0x0000000000806140                __umodsi3
 .text          0x0000000000806148       0x34 ../LAB2_LOOP_AUDIO_bsp/\libhal_bsp.a(alt_exit.o)
                0x0000000000806148                _exit
 .text          0x000000000080617c      0x100 ../LAB2_LOOP_AUDIO_bsp/\libhal_bsp.a(alt_fstat.o)
                0x00000000008061cc                fstat
 .text          0x000000000080627c       0xf4 ../LAB2_LOOP_AUDIO_bsp/\libhal_bsp.a(alt_isatty.o)
                0x00000000008062cc                isatty
 .text          0x0000000000806370      0x124 ../LAB2_LOOP_AUDIO_bsp/\libhal_bsp.a(alt_lseek.o)
                0x00000000008063c0                lseek
 .text          0x0000000000806494       0x40 ../LAB2_LOOP_AUDIO_bsp/\libhal_bsp.a(alt_malloc_lock.o)
                0x0000000000806494                __malloc_lock
                0x00000000008064b4                __malloc_unlock
 .text          0x00000000008064d4      0x14c ../LAB2_LOOP_AUDIO_bsp/\libhal_bsp.a(alt_read.o)
                0x0000000000806524                read
 .text          0x0000000000806620       0xb0 ../LAB2_LOOP_AUDIO_bsp/\libhal_bsp.a(alt_sbrk.o)
                0x0000000000806620                sbrk
 .text          0x00000000008066d0      0x148 ../LAB2_LOOP_AUDIO_bsp/\libhal_bsp.a(alt_write.o)
                0x0000000000806720                write
 *(.gnu.warning.*)
 *(.fini)
                0x0000000000806818                PROVIDE (__etext, ABSOLUTE (.))
                0x0000000000806818                PROVIDE (_etext, ABSOLUTE (.))
                0x0000000000806818                PROVIDE (etext, ABSOLUTE (.))
 *(.eh_frame_hdr)
                0x0000000000806818                . = ALIGN (0x4)
                0x0000000000806818                PROVIDE (__preinit_array_start, ABSOLUTE (.))
 *(.preinit_array)
                0x0000000000806818                PROVIDE (__preinit_array_end, ABSOLUTE (.))
                0x0000000000806818                PROVIDE (__init_array_start, ABSOLUTE (.))
 *(.init_array)
                0x0000000000806818                PROVIDE (__init_array_end, ABSOLUTE (.))
                0x0000000000806818                PROVIDE (__fini_array_start, ABSOLUTE (.))
 *(.fini_array)
                0x0000000000806818                PROVIDE (__fini_array_end, ABSOLUTE (.))
 *(.eh_frame)
 *(.gcc_except_table .gcc_except_table.*)
 *(.dynamic)
                0x0000000000806818                PROVIDE (__CTOR_LIST__, ABSOLUTE (.))
 *(.ctors)
 *(SORT(.ctors.*))
                0x0000000000806818                PROVIDE (__CTOR_END__, ABSOLUTE (.))
                0x0000000000806818                PROVIDE (__DTOR_LIST__, ABSOLUTE (.))
 *(.dtors)
 *(SORT(.dtors.*))
                0x0000000000806818                PROVIDE (__DTOR_END__, ABSOLUTE (.))
 *(.jcr)
                0x0000000000806818                . = ALIGN (0x4)

.rodata         0x0000000000806818      0x34c
                0x0000000000806818                PROVIDE (__ram_rodata_start, ABSOLUTE (.))
                0x0000000000806818                . = ALIGN (0x4)
 *(.rodata .rodata.* .gnu.linkonce.r.*)
 .rodata        0x0000000000806818       0x4c obj/default/hello_world.o
 .rodata        0x0000000000806864       0x14 ../LAB2_LOOP_AUDIO_bsp/\libhal_bsp.a(alt_main.o)
 .rodata        0x0000000000806878       0x58 ../LAB2_LOOP_AUDIO_bsp/\libhal_bsp.a(alt_sys_init.o)
 .rodata        0x00000000008068d0        0xc ../LAB2_LOOP_AUDIO_bsp/\libhal_bsp.a(alt_dev.o)
 .rodata._ctype_
                0x00000000008068dc      0x101 c:/software/altera/15.1/nios2eds/bin/gnu/h-x86_64-mingw32/bin/../lib/gcc/nios2-elf/4.9.2/../../../../../H-x86_64-mingw32/nios2-elf/lib\libc.a(lib_a-ctype_.o)
                0x00000000008068dc                _ctype_
 .rodata._ctype_b
                0x00000000008069dd      0x180 c:/software/altera/15.1/nios2eds/bin/gnu/h-x86_64-mingw32/bin/../lib/gcc/nios2-elf/4.9.2/../../../../../H-x86_64-mingw32/nios2-elf/lib\libc.a(lib_a-ctype_.o)
 *fill*         0x0000000000806b5d        0x3 
 .rodata.str1.4
                0x0000000000806b60        0x4 c:/software/altera/15.1/nios2eds/bin/gnu/h-x86_64-mingw32/bin/../lib/gcc/nios2-elf/4.9.2/../../../../../H-x86_64-mingw32/nios2-elf/lib\libc.a(lib_a-impure.o)
 *(.rodata1)
                0x0000000000806b64                . = ALIGN (0x4)
                0x0000000000806b64                PROVIDE (__ram_rodata_end, ABSOLUTE (.))
                0x0000000000806818                PROVIDE (__flash_rodata_start, LOADADDR (.rodata))

.rwdata         0x0000000000806b64      0xc84 load address 0x00000000008077e8
                0x0000000000806b64                PROVIDE (__ram_rwdata_start, ABSOLUTE (.))
                0x0000000000806b64                . = ALIGN (0x4)
 *(.got.plt)
 *(.got)
 *(.data1)
 *(.data .data.* .gnu.linkonce.d.*)
 .data          0x0000000000806b64        0x0 ../LAB2_LOOP_AUDIO_bsp//obj/HAL/src/crt0.o
 .data          0x0000000000806b64        0x0 obj/default/hello_world.o
 .data          0x0000000000806b64        0x0 ../LAB2_LOOP_AUDIO_bsp/\libhal_bsp.a(alt_load.o)
 .data          0x0000000000806b64        0x0 ../LAB2_LOOP_AUDIO_bsp/\libhal_bsp.a(alt_main.o)
 .data          0x0000000000806b64        0x0 ../LAB2_LOOP_AUDIO_bsp/\libhal_bsp.a(alt_printf.o)
 .data          0x0000000000806b64        0x0 ../LAB2_LOOP_AUDIO_bsp/\libhal_bsp.a(alt_putchar.o)
 .data          0x0000000000806b64      0x270 ../LAB2_LOOP_AUDIO_bsp/\libhal_bsp.a(alt_sys_init.o)
 .data          0x0000000000806dd4        0x0 ../LAB2_LOOP_AUDIO_bsp/\libhal_bsp.a(altera_avalon_jtag_uart_fd.o)
 .data          0x0000000000806dd4        0x0 ../LAB2_LOOP_AUDIO_bsp/\libhal_bsp.a(altera_avalon_jtag_uart_read.o)
 .data          0x0000000000806dd4        0x0 ../LAB2_LOOP_AUDIO_bsp/\libhal_bsp.a(altera_avalon_jtag_uart_write.o)
 .data          0x0000000000806dd4        0x0 ../LAB2_LOOP_AUDIO_bsp/\libhal_bsp.a(altera_avalon_lcd_16207.o)
 .data          0x0000000000806dd4        0x0 ../LAB2_LOOP_AUDIO_bsp/\libhal_bsp.a(altera_avalon_lcd_16207_fd.o)
 .data          0x0000000000806dd4        0x0 ../LAB2_LOOP_AUDIO_bsp/\libhal_bsp.a(altera_avalon_timer_sc.o)
 .data          0x0000000000806dd4        0x0 ../LAB2_LOOP_AUDIO_bsp/\libhal_bsp.a(altera_avalon_uart_fd.o)
 .data          0x0000000000806dd4        0x0 ../LAB2_LOOP_AUDIO_bsp/\libhal_bsp.a(altera_avalon_uart_init.o)
 .data          0x0000000000806dd4        0x0 ../LAB2_LOOP_AUDIO_bsp/\libhal_bsp.a(altera_avalon_uart_read.o)
 .data          0x0000000000806dd4        0x0 ../LAB2_LOOP_AUDIO_bsp/\libhal_bsp.a(altera_avalon_uart_write.o)
 .data          0x0000000000806dd4        0x0 ../LAB2_LOOP_AUDIO_bsp/\libhal_bsp.a(altera_up_avalon_audio.o)
 .data          0x0000000000806dd4        0x0 ../LAB2_LOOP_AUDIO_bsp/\libhal_bsp.a(alt_alarm_start.o)
 .data          0x0000000000806dd4        0x0 ../LAB2_LOOP_AUDIO_bsp/\libhal_bsp.a(alt_close.o)
 .data          0x0000000000806dd4        0x0 ../LAB2_LOOP_AUDIO_bsp/\libhal_bsp.a(alt_dcache_flush_all.o)
 .data          0x0000000000806dd4      0x1a8 ../LAB2_LOOP_AUDIO_bsp/\libhal_bsp.a(alt_dev.o)
                0x0000000000806dd4                alt_dev_null
                0x0000000000806dfc                alt_fd_list
 .data          0x0000000000806f7c        0x0 ../LAB2_LOOP_AUDIO_bsp/\libhal_bsp.a(alt_dev_llist_insert.o)
 .data          0x0000000000806f7c        0x0 ../LAB2_LOOP_AUDIO_bsp/\libhal_bsp.a(alt_do_ctors.o)
 .data          0x0000000000806f7c        0x0 ../LAB2_LOOP_AUDIO_bsp/\libhal_bsp.a(alt_do_dtors.o)
 .data          0x0000000000806f7c        0x0 ../LAB2_LOOP_AUDIO_bsp/\libhal_bsp.a(alt_errno.o)
 .data          0x0000000000806f7c        0x0 ../LAB2_LOOP_AUDIO_bsp/\libhal_bsp.a(alt_find_dev.o)
 .data          0x0000000000806f7c        0x0 ../LAB2_LOOP_AUDIO_bsp/\libhal_bsp.a(alt_icache_flush_all.o)
 .data          0x0000000000806f7c        0x0 ../LAB2_LOOP_AUDIO_bsp/\libhal_bsp.a(alt_io_redirect.o)
 .data          0x0000000000806f7c        0x0 ../LAB2_LOOP_AUDIO_bsp/\libhal_bsp.a(alt_irq_register.o)
 .data          0x0000000000806f7c        0x0 ../LAB2_LOOP_AUDIO_bsp/\libhal_bsp.a(alt_irq_vars.o)
 .data          0x0000000000806f7c        0x0 ../LAB2_LOOP_AUDIO_bsp/\libhal_bsp.a(alt_open.o)
 .data          0x0000000000806f7c        0x0 ../LAB2_LOOP_AUDIO_bsp/\libhal_bsp.a(alt_release_fd.o)
 .data          0x0000000000806f7c        0x0 ../LAB2_LOOP_AUDIO_bsp/\libhal_bsp.a(alt_tick.o)
 .data          0x0000000000806f7c        0x0 ../LAB2_LOOP_AUDIO_bsp/\libhal_bsp.a(alt_usleep.o)
 .data          0x0000000000806f7c        0x0 ../LAB2_LOOP_AUDIO_bsp/\libhal_bsp.a(altera_nios2_gen2_irq.o)
 .data          0x0000000000806f7c        0x0 ../LAB2_LOOP_AUDIO_bsp/\libhal_bsp.a(alt_busy_sleep.o)
 .data          0x0000000000806f7c        0x0 ../LAB2_LOOP_AUDIO_bsp/\libhal_bsp.a(alt_find_file.o)
 .data          0x0000000000806f7c        0x0 ../LAB2_LOOP_AUDIO_bsp/\libhal_bsp.a(alt_get_fd.o)
 .data          0x0000000000806f7c        0x0 ../LAB2_LOOP_AUDIO_bsp/\libhal_bsp.a(alt_icache_flush.o)
 .data          0x0000000000806f7c        0x0 ../LAB2_LOOP_AUDIO_bsp/\libhal_bsp.a(alt_irq_entry.o)
 .data          0x0000000000806f7c        0x0 ../LAB2_LOOP_AUDIO_bsp/\libhal_bsp.a(alt_irq_handler.o)
 .data          0x0000000000806f7c        0x0 ../LAB2_LOOP_AUDIO_bsp/\libhal_bsp.a(alt_exception_entry.o)
 .data          0x0000000000806f7c        0x0 ../LAB2_LOOP_AUDIO_bsp/\libhal_bsp.a(alt_instruction_exception_entry.o)
 .data          0x0000000000806f7c        0x0 c:/software/altera/15.1/nios2eds/bin/gnu/h-x86_64-mingw32/bin/../lib/gcc/nios2-elf/4.9.2/../../../../../H-x86_64-mingw32/nios2-elf/lib\libc.a(lib_a-atexit.o)
 .data          0x0000000000806f7c        0x0 c:/software/altera/15.1/nios2eds/bin/gnu/h-x86_64-mingw32/bin/../lib/gcc/nios2-elf/4.9.2/../../../../../H-x86_64-mingw32/nios2-elf/lib\libc.a(lib_a-ctype_.o)
 .data          0x0000000000806f7c        0x0 c:/software/altera/15.1/nios2eds/bin/gnu/h-x86_64-mingw32/bin/../lib/gcc/nios2-elf/4.9.2/../../../../../H-x86_64-mingw32/nios2-elf/lib\libc.a(lib_a-exit.o)
 .data          0x0000000000806f7c        0x0 c:/software/altera/15.1/nios2eds/bin/gnu/h-x86_64-mingw32/bin/../lib/gcc/nios2-elf/4.9.2/../../../../../H-x86_64-mingw32/nios2-elf/lib\libc.a(lib_a-impure.o)
 .data.impure_data
                0x0000000000806f7c      0x424 c:/software/altera/15.1/nios2eds/bin/gnu/h-x86_64-mingw32/bin/../lib/gcc/nios2-elf/4.9.2/../../../../../H-x86_64-mingw32/nios2-elf/lib\libc.a(lib_a-impure.o)
 .data          0x00000000008073a0        0x0 c:/software/altera/15.1/nios2eds/bin/gnu/h-x86_64-mingw32/bin/../lib/gcc/nios2-elf/4.9.2/../../../../../H-x86_64-mingw32/nios2-elf/lib\libc.a(lib_a-int_errno.o)
 .data          0x00000000008073a0        0x0 c:/software/altera/15.1/nios2eds/bin/gnu/h-x86_64-mingw32/bin/../lib/gcc/nios2-elf/4.9.2/../../../../../H-x86_64-mingw32/nios2-elf/lib\libc.a(lib_a-memcmp.o)
 .data          0x00000000008073a0        0x0 c:/software/altera/15.1/nios2eds/bin/gnu/h-x86_64-mingw32/bin/../lib/gcc/nios2-elf/4.9.2/../../../../../H-x86_64-mingw32/nios2-elf/lib\libc.a(lib_a-memcpy.o)
 .data          0x00000000008073a0        0x0 c:/software/altera/15.1/nios2eds/bin/gnu/h-x86_64-mingw32/bin/../lib/gcc/nios2-elf/4.9.2/../../../../../H-x86_64-mingw32/nios2-elf/lib\libc.a(lib_a-memset.o)
 .data          0x00000000008073a0        0x0 c:/software/altera/15.1/nios2eds/bin/gnu/h-x86_64-mingw32/bin/../lib/gcc/nios2-elf/4.9.2/../../../../../H-x86_64-mingw32/nios2-elf/lib\libc.a(lib_a-putc.o)
 .data          0x00000000008073a0        0x0 c:/software/altera/15.1/nios2eds/bin/gnu/h-x86_64-mingw32/bin/../lib/gcc/nios2-elf/4.9.2/../../../../../H-x86_64-mingw32/nios2-elf/lib\libc.a(lib_a-strlen.o)
 .data          0x00000000008073a0        0x0 c:/software/altera/15.1/nios2eds/bin/gnu/h-x86_64-mingw32/bin/../lib/gcc/nios2-elf/4.9.2/../../../../../H-x86_64-mingw32/nios2-elf/lib\libc.a(lib_a-wbuf.o)
 .data          0x00000000008073a0        0x0 c:/software/altera/15.1/nios2eds/bin/gnu/h-x86_64-mingw32/bin/../lib/gcc/nios2-elf/4.9.2/../../../../../H-x86_64-mingw32/nios2-elf/lib\libc.a(lib_a-wsetup.o)
 .data          0x00000000008073a0        0x0 c:/software/altera/15.1/nios2eds/bin/gnu/h-x86_64-mingw32/bin/../lib/gcc/nios2-elf/4.9.2/../../../../../H-x86_64-mingw32/nios2-elf/lib\libc.a(lib_a-__atexit.o)
 .data          0x00000000008073a0        0x0 c:/software/altera/15.1/nios2eds/bin/gnu/h-x86_64-mingw32/bin/../lib/gcc/nios2-elf/4.9.2/../../../../../H-x86_64-mingw32/nios2-elf/lib\libc.a(lib_a-__call_atexit.o)
 .data          0x00000000008073a0        0x0 c:/software/altera/15.1/nios2eds/bin/gnu/h-x86_64-mingw32/bin/../lib/gcc/nios2-elf/4.9.2/../../../../../H-x86_64-mingw32/nios2-elf/lib\libc.a(lib_a-fflush.o)
 .data          0x00000000008073a0        0x0 c:/software/altera/15.1/nios2eds/bin/gnu/h-x86_64-mingw32/bin/../lib/gcc/nios2-elf/4.9.2/../../../../../H-x86_64-mingw32/nios2-elf/lib\libc.a(lib_a-findfp.o)
 .data          0x00000000008073a0        0x0 c:/software/altera/15.1/nios2eds/bin/gnu/h-x86_64-mingw32/bin/../lib/gcc/nios2-elf/4.9.2/../../../../../H-x86_64-mingw32/nios2-elf/lib\libc.a(lib_a-freer.o)
 .data          0x00000000008073a0        0x0 c:/software/altera/15.1/nios2eds/bin/gnu/h-x86_64-mingw32/bin/../lib/gcc/nios2-elf/4.9.2/../../../../../H-x86_64-mingw32/nios2-elf/lib\libc.a(lib_a-fwalk.o)
 .data          0x00000000008073a0        0x0 c:/software/altera/15.1/nios2eds/bin/gnu/h-x86_64-mingw32/bin/../lib/gcc/nios2-elf/4.9.2/../../../../../H-x86_64-mingw32/nios2-elf/lib\libc.a(lib_a-makebuf.o)
 .data          0x00000000008073a0        0x0 c:/software/altera/15.1/nios2eds/bin/gnu/h-x86_64-mingw32/bin/../lib/gcc/nios2-elf/4.9.2/../../../../../H-x86_64-mingw32/nios2-elf/lib\libc.a(lib_a-mallocr.o)
 .data.__malloc_av_
                0x00000000008073a0      0x408 c:/software/altera/15.1/nios2eds/bin/gnu/h-x86_64-mingw32/bin/../lib/gcc/nios2-elf/4.9.2/../../../../../H-x86_64-mingw32/nios2-elf/lib\libc.a(lib_a-mallocr.o)
                0x00000000008073a0                __malloc_av_
 .data          0x00000000008077a8        0x0 c:/software/altera/15.1/nios2eds/bin/gnu/h-x86_64-mingw32/bin/../lib/gcc/nios2-elf/4.9.2/../../../../../H-x86_64-mingw32/nios2-elf/lib\libc.a(lib_a-sbrkr.o)
 .data          0x00000000008077a8        0x0 c:/software/altera/15.1/nios2eds/bin/gnu/h-x86_64-mingw32/bin/../lib/gcc/nios2-elf/4.9.2/../../../../../H-x86_64-mingw32/nios2-elf/lib\libc.a(lib_a-stdio.o)
 .data          0x00000000008077a8        0x0 c:/software/altera/15.1/nios2eds/bin/gnu/h-x86_64-mingw32/bin/../lib/gcc/nios2-elf/4.9.2/../../../../../H-x86_64-mingw32/nios2-elf/lib\libc.a(lib_a-writer.o)
 .data          0x00000000008077a8        0x0 c:/software/altera/15.1/nios2eds/bin/gnu/h-x86_64-mingw32/bin/../lib/gcc/nios2-elf/4.9.2/../../../../../H-x86_64-mingw32/nios2-elf/lib\libc.a(closer.o)
 .data          0x00000000008077a8        0x0 c:/software/altera/15.1/nios2eds/bin/gnu/h-x86_64-mingw32/bin/../lib/gcc/nios2-elf/4.9.2/../../../../../H-x86_64-mingw32/nios2-elf/lib\libc.a(lib_a-fclose.o)
 .data          0x00000000008077a8        0x0 c:/software/altera/15.1/nios2eds/bin/gnu/h-x86_64-mingw32/bin/../lib/gcc/nios2-elf/4.9.2/../../../../../H-x86_64-mingw32/nios2-elf/lib\libc.a(lib_a-fstatr.o)
 .data          0x00000000008077a8        0x0 c:/software/altera/15.1/nios2eds/bin/gnu/h-x86_64-mingw32/bin/../lib/gcc/nios2-elf/4.9.2/../../../../../H-x86_64-mingw32/nios2-elf/lib\libc.a(lib_a-isattyr.o)
 .data          0x00000000008077a8        0x0 c:/software/altera/15.1/nios2eds/bin/gnu/h-x86_64-mingw32/bin/../lib/gcc/nios2-elf/4.9.2/../../../../../H-x86_64-mingw32/nios2-elf/lib\libc.a(lib_a-lseekr.o)
 .data          0x00000000008077a8        0x0 c:/software/altera/15.1/nios2eds/bin/gnu/h-x86_64-mingw32/bin/../lib/gcc/nios2-elf/4.9.2/../../../../../H-x86_64-mingw32/nios2-elf/lib\libc.a(lib_a-readr.o)
 .data          0x00000000008077a8        0x0 c:/software/altera/15.1/nios2eds/bin/gnu/h-x86_64-mingw32/bin/../lib/gcc/nios2-elf/4.9.2\libgcc.a(lib2-divmod.o)
 .data          0x00000000008077a8        0x0 ../LAB2_LOOP_AUDIO_bsp/\libhal_bsp.a(alt_exit.o)
 .data          0x00000000008077a8        0x0 ../LAB2_LOOP_AUDIO_bsp/\libhal_bsp.a(alt_fstat.o)
 .data          0x00000000008077a8        0x0 ../LAB2_LOOP_AUDIO_bsp/\libhal_bsp.a(alt_isatty.o)
 .data          0x00000000008077a8        0x0 ../LAB2_LOOP_AUDIO_bsp/\libhal_bsp.a(alt_lseek.o)
 .data          0x00000000008077a8        0x0 ../LAB2_LOOP_AUDIO_bsp/\libhal_bsp.a(alt_malloc_lock.o)
 .data          0x00000000008077a8        0x0 ../LAB2_LOOP_AUDIO_bsp/\libhal_bsp.a(alt_read.o)
 .data          0x00000000008077a8        0x0 ../LAB2_LOOP_AUDIO_bsp/\libhal_bsp.a(alt_sbrk.o)
 .data          0x00000000008077a8        0x0 ../LAB2_LOOP_AUDIO_bsp/\libhal_bsp.a(alt_write.o)
                0x000000000080f7a8                _gp = ABSOLUTE ((. + 0x8000))
                0x000000000080f7a8                PROVIDE (gp, _gp)
 *(.rwdata .rwdata.*)
 *(.sdata .sdata.* .gnu.linkonce.s.*)
 .sdata         0x00000000008077a8        0x4 ../LAB2_LOOP_AUDIO_bsp/\libhal_bsp.a(altera_avalon_lcd_16207.o)
 .sdata         0x00000000008077ac       0x14 ../LAB2_LOOP_AUDIO_bsp/\libhal_bsp.a(alt_dev.o)
                0x00000000008077ac                alt_fs_list
                0x00000000008077b4                alt_dev_list
                0x00000000008077bc                alt_max_fd
 .sdata         0x00000000008077c0        0x4 ../LAB2_LOOP_AUDIO_bsp/\libhal_bsp.a(alt_errno.o)
                0x00000000008077c0                alt_errno
 .sdata         0x00000000008077c4        0x4 ../LAB2_LOOP_AUDIO_bsp/\libhal_bsp.a(alt_irq_vars.o)
                0x00000000008077c4                alt_priority_mask
 .sdata         0x00000000008077c8        0x8 ../LAB2_LOOP_AUDIO_bsp/\libhal_bsp.a(alt_tick.o)
                0x00000000008077c8                alt_alarm_list
 .sdata.__ctype_ptr__
                0x00000000008077d0        0x4 c:/software/altera/15.1/nios2eds/bin/gnu/h-x86_64-mingw32/bin/../lib/gcc/nios2-elf/4.9.2/../../../../../H-x86_64-mingw32/nios2-elf/lib\libc.a(lib_a-ctype_.o)
                0x00000000008077d0                __ctype_ptr__
 .sdata._global_impure_ptr
                0x00000000008077d4        0x4 c:/software/altera/15.1/nios2eds/bin/gnu/h-x86_64-mingw32/bin/../lib/gcc/nios2-elf/4.9.2/../../../../../H-x86_64-mingw32/nios2-elf/lib\libc.a(lib_a-impure.o)
                0x00000000008077d4                _global_impure_ptr
 .sdata._impure_ptr
                0x00000000008077d8        0x4 c:/software/altera/15.1/nios2eds/bin/gnu/h-x86_64-mingw32/bin/../lib/gcc/nios2-elf/4.9.2/../../../../../H-x86_64-mingw32/nios2-elf/lib\libc.a(lib_a-impure.o)
                0x00000000008077d8                _impure_ptr
 .sdata.__malloc_sbrk_base
                0x00000000008077dc        0x4 c:/software/altera/15.1/nios2eds/bin/gnu/h-x86_64-mingw32/bin/../lib/gcc/nios2-elf/4.9.2/../../../../../H-x86_64-mingw32/nios2-elf/lib\libc.a(lib_a-mallocr.o)
                0x00000000008077dc                __malloc_sbrk_base
 .sdata.__malloc_trim_threshold
                0x00000000008077e0        0x4 c:/software/altera/15.1/nios2eds/bin/gnu/h-x86_64-mingw32/bin/../lib/gcc/nios2-elf/4.9.2/../../../../../H-x86_64-mingw32/nios2-elf/lib\libc.a(lib_a-mallocr.o)
                0x00000000008077e0                __malloc_trim_threshold
 .sdata         0x00000000008077e4        0x4 ../LAB2_LOOP_AUDIO_bsp/\libhal_bsp.a(alt_sbrk.o)
 *(.sdata2 .sdata2.* .gnu.linkonce.s2.*)
                0x00000000008077e8                . = ALIGN (0x4)
                0x00000000008077e8                _edata = ABSOLUTE (.)
                0x00000000008077e8                PROVIDE (edata, ABSOLUTE (.))
                0x00000000008077e8                PROVIDE (__ram_rwdata_end, ABSOLUTE (.))
                0x00000000008077e8                PROVIDE (__flash_rwdata_start, LOADADDR (.rwdata))

.bss            0x000000000080846c      0x154
                0x000000000080846c                __bss_start = ABSOLUTE (.)
                0x000000000080846c                PROVIDE (__sbss_start, ABSOLUTE (.))
                0x000000000080846c                PROVIDE (___sbss_start, ABSOLUTE (.))
 *(.dynsbss)
 *(.sbss .sbss.* .gnu.linkonce.sb.*)
 .sbss          0x000000000080846c        0xc ../LAB2_LOOP_AUDIO_bsp/\libhal_bsp.a(alt_main.o)
                0x000000000080846c                alt_argc
                0x0000000000808470                alt_argv
                0x0000000000808474                alt_envp
 .sbss          0x0000000000808478        0x4 ../LAB2_LOOP_AUDIO_bsp/\libhal_bsp.a(alt_irq_vars.o)
                0x0000000000808478                alt_irq_active
 .sbss          0x000000000080847c        0x8 ../LAB2_LOOP_AUDIO_bsp/\libhal_bsp.a(alt_tick.o)
                0x000000000080847c                _alt_tick_rate
                0x0000000000808480                _alt_nticks
 .sbss          0x0000000000808484        0x4 ../LAB2_LOOP_AUDIO_bsp/\libhal_bsp.a(alt_instruction_exception_entry.o)
                0x0000000000808484                alt_instruction_exception_handler
 .sbss          0x0000000000808488        0x4 c:/software/altera/15.1/nios2eds/bin/gnu/h-x86_64-mingw32/bin/../lib/gcc/nios2-elf/4.9.2/../../../../../H-x86_64-mingw32/nios2-elf/lib\libc.a(lib_a-int_errno.o)
                0x0000000000808488                errno
 .sbss.__malloc_max_total_mem
                0x000000000080848c        0x4 c:/software/altera/15.1/nios2eds/bin/gnu/h-x86_64-mingw32/bin/../lib/gcc/nios2-elf/4.9.2/../../../../../H-x86_64-mingw32/nios2-elf/lib\libc.a(lib_a-mallocr.o)
                0x000000000080848c                __malloc_max_total_mem
 .sbss.__malloc_max_sbrked_mem
                0x0000000000808490        0x4 c:/software/altera/15.1/nios2eds/bin/gnu/h-x86_64-mingw32/bin/../lib/gcc/nios2-elf/4.9.2/../../../../../H-x86_64-mingw32/nios2-elf/lib\libc.a(lib_a-mallocr.o)
                0x0000000000808490                __malloc_max_sbrked_mem
 .sbss.__malloc_top_pad
                0x0000000000808494        0x4 c:/software/altera/15.1/nios2eds/bin/gnu/h-x86_64-mingw32/bin/../lib/gcc/nios2-elf/4.9.2/../../../../../H-x86_64-mingw32/nios2-elf/lib\libc.a(lib_a-mallocr.o)
                0x0000000000808494                __malloc_top_pad
 *(.sbss2 .sbss2.* .gnu.linkonce.sb2.*)
 *(.scommon)
                0x0000000000808498                PROVIDE (__sbss_end, ABSOLUTE (.))
                0x0000000000808498                PROVIDE (___sbss_end, ABSOLUTE (.))
 *(.dynbss)
 *(.bss .bss.* .gnu.linkonce.b.*)
 .bss           0x0000000000808498        0x0 ../LAB2_LOOP_AUDIO_bsp//obj/HAL/src/crt0.o
 .bss           0x0000000000808498        0x0 obj/default/hello_world.o
 .bss           0x0000000000808498        0x0 ../LAB2_LOOP_AUDIO_bsp/\libhal_bsp.a(alt_load.o)
 .bss           0x0000000000808498        0x0 ../LAB2_LOOP_AUDIO_bsp/\libhal_bsp.a(alt_main.o)
 .bss           0x0000000000808498        0x0 ../LAB2_LOOP_AUDIO_bsp/\libhal_bsp.a(alt_printf.o)
 .bss           0x0000000000808498        0x0 ../LAB2_LOOP_AUDIO_bsp/\libhal_bsp.a(alt_putchar.o)
 .bss           0x0000000000808498        0x0 ../LAB2_LOOP_AUDIO_bsp/\libhal_bsp.a(alt_sys_init.o)
 .bss           0x0000000000808498        0x0 ../LAB2_LOOP_AUDIO_bsp/\libhal_bsp.a(altera_avalon_jtag_uart_fd.o)
 .bss           0x0000000000808498        0x0 ../LAB2_LOOP_AUDIO_bsp/\libhal_bsp.a(altera_avalon_jtag_uart_read.o)
 .bss           0x0000000000808498        0x0 ../LAB2_LOOP_AUDIO_bsp/\libhal_bsp.a(altera_avalon_jtag_uart_write.o)
 .bss           0x0000000000808498        0x0 ../LAB2_LOOP_AUDIO_bsp/\libhal_bsp.a(altera_avalon_lcd_16207.o)
 .bss           0x0000000000808498        0x0 ../LAB2_LOOP_AUDIO_bsp/\libhal_bsp.a(altera_avalon_lcd_16207_fd.o)
 .bss           0x0000000000808498        0x0 ../LAB2_LOOP_AUDIO_bsp/\libhal_bsp.a(altera_avalon_timer_sc.o)
 .bss           0x0000000000808498        0x0 ../LAB2_LOOP_AUDIO_bsp/\libhal_bsp.a(altera_avalon_uart_fd.o)
 .bss           0x0000000000808498        0x0 ../LAB2_LOOP_AUDIO_bsp/\libhal_bsp.a(altera_avalon_uart_init.o)
 .bss           0x0000000000808498        0x0 ../LAB2_LOOP_AUDIO_bsp/\libhal_bsp.a(altera_avalon_uart_read.o)
 .bss           0x0000000000808498        0x0 ../LAB2_LOOP_AUDIO_bsp/\libhal_bsp.a(altera_avalon_uart_write.o)
 .bss           0x0000000000808498        0x0 ../LAB2_LOOP_AUDIO_bsp/\libhal_bsp.a(altera_up_avalon_audio.o)
 .bss           0x0000000000808498        0x0 ../LAB2_LOOP_AUDIO_bsp/\libhal_bsp.a(alt_alarm_start.o)
 .bss           0x0000000000808498        0x0 ../LAB2_LOOP_AUDIO_bsp/\libhal_bsp.a(alt_close.o)
 .bss           0x0000000000808498        0x0 ../LAB2_LOOP_AUDIO_bsp/\libhal_bsp.a(alt_dcache_flush_all.o)
 .bss           0x0000000000808498        0x0 ../LAB2_LOOP_AUDIO_bsp/\libhal_bsp.a(alt_dev.o)
 .bss           0x0000000000808498        0x0 ../LAB2_LOOP_AUDIO_bsp/\libhal_bsp.a(alt_dev_llist_insert.o)
 .bss           0x0000000000808498        0x0 ../LAB2_LOOP_AUDIO_bsp/\libhal_bsp.a(alt_do_ctors.o)
 .bss           0x0000000000808498        0x0 ../LAB2_LOOP_AUDIO_bsp/\libhal_bsp.a(alt_do_dtors.o)
 .bss           0x0000000000808498        0x0 ../LAB2_LOOP_AUDIO_bsp/\libhal_bsp.a(alt_errno.o)
 .bss           0x0000000000808498        0x0 ../LAB2_LOOP_AUDIO_bsp/\libhal_bsp.a(alt_find_dev.o)
 .bss           0x0000000000808498        0x0 ../LAB2_LOOP_AUDIO_bsp/\libhal_bsp.a(alt_icache_flush_all.o)
 .bss           0x0000000000808498        0x0 ../LAB2_LOOP_AUDIO_bsp/\libhal_bsp.a(alt_io_redirect.o)
 .bss           0x0000000000808498        0x0 ../LAB2_LOOP_AUDIO_bsp/\libhal_bsp.a(alt_irq_register.o)
 .bss           0x0000000000808498        0x0 ../LAB2_LOOP_AUDIO_bsp/\libhal_bsp.a(alt_irq_vars.o)
 .bss           0x0000000000808498        0x0 ../LAB2_LOOP_AUDIO_bsp/\libhal_bsp.a(alt_open.o)
 .bss           0x0000000000808498        0x0 ../LAB2_LOOP_AUDIO_bsp/\libhal_bsp.a(alt_release_fd.o)
 .bss           0x0000000000808498        0x0 ../LAB2_LOOP_AUDIO_bsp/\libhal_bsp.a(alt_tick.o)
 .bss           0x0000000000808498        0x0 ../LAB2_LOOP_AUDIO_bsp/\libhal_bsp.a(alt_usleep.o)
 .bss           0x0000000000808498        0x0 ../LAB2_LOOP_AUDIO_bsp/\libhal_bsp.a(altera_nios2_gen2_irq.o)
 .bss           0x0000000000808498        0x0 ../LAB2_LOOP_AUDIO_bsp/\libhal_bsp.a(alt_busy_sleep.o)
 .bss           0x0000000000808498        0x0 ../LAB2_LOOP_AUDIO_bsp/\libhal_bsp.a(alt_find_file.o)
 .bss           0x0000000000808498        0x0 ../LAB2_LOOP_AUDIO_bsp/\libhal_bsp.a(alt_get_fd.o)
 .bss           0x0000000000808498        0x0 ../LAB2_LOOP_AUDIO_bsp/\libhal_bsp.a(alt_icache_flush.o)
 .bss           0x0000000000808498        0x0 ../LAB2_LOOP_AUDIO_bsp/\libhal_bsp.a(alt_irq_entry.o)
 .bss           0x0000000000808498        0x0 ../LAB2_LOOP_AUDIO_bsp/\libhal_bsp.a(alt_irq_handler.o)
 .bss           0x0000000000808498        0x0 ../LAB2_LOOP_AUDIO_bsp/\libhal_bsp.a(alt_exception_entry.o)
 .bss           0x0000000000808498        0x0 ../LAB2_LOOP_AUDIO_bsp/\libhal_bsp.a(alt_instruction_exception_entry.o)
 .bss           0x0000000000808498        0x0 c:/software/altera/15.1/nios2eds/bin/gnu/h-x86_64-mingw32/bin/../lib/gcc/nios2-elf/4.9.2/../../../../../H-x86_64-mingw32/nios2-elf/lib\libc.a(lib_a-atexit.o)
 .bss           0x0000000000808498        0x0 c:/software/altera/15.1/nios2eds/bin/gnu/h-x86_64-mingw32/bin/../lib/gcc/nios2-elf/4.9.2/../../../../../H-x86_64-mingw32/nios2-elf/lib\libc.a(lib_a-ctype_.o)
 .bss           0x0000000000808498        0x0 c:/software/altera/15.1/nios2eds/bin/gnu/h-x86_64-mingw32/bin/../lib/gcc/nios2-elf/4.9.2/../../../../../H-x86_64-mingw32/nios2-elf/lib\libc.a(lib_a-exit.o)
 .bss           0x0000000000808498        0x0 c:/software/altera/15.1/nios2eds/bin/gnu/h-x86_64-mingw32/bin/../lib/gcc/nios2-elf/4.9.2/../../../../../H-x86_64-mingw32/nios2-elf/lib\libc.a(lib_a-impure.o)
 .bss           0x0000000000808498        0x0 c:/software/altera/15.1/nios2eds/bin/gnu/h-x86_64-mingw32/bin/../lib/gcc/nios2-elf/4.9.2/../../../../../H-x86_64-mingw32/nios2-elf/lib\libc.a(lib_a-int_errno.o)
 .bss           0x0000000000808498        0x0 c:/software/altera/15.1/nios2eds/bin/gnu/h-x86_64-mingw32/bin/../lib/gcc/nios2-elf/4.9.2/../../../../../H-x86_64-mingw32/nios2-elf/lib\libc.a(lib_a-memcmp.o)
 .bss           0x0000000000808498        0x0 c:/software/altera/15.1/nios2eds/bin/gnu/h-x86_64-mingw32/bin/../lib/gcc/nios2-elf/4.9.2/../../../../../H-x86_64-mingw32/nios2-elf/lib\libc.a(lib_a-memcpy.o)
 .bss           0x0000000000808498        0x0 c:/software/altera/15.1/nios2eds/bin/gnu/h-x86_64-mingw32/bin/../lib/gcc/nios2-elf/4.9.2/../../../../../H-x86_64-mingw32/nios2-elf/lib\libc.a(lib_a-memset.o)
 .bss           0x0000000000808498        0x0 c:/software/altera/15.1/nios2eds/bin/gnu/h-x86_64-mingw32/bin/../lib/gcc/nios2-elf/4.9.2/../../../../../H-x86_64-mingw32/nios2-elf/lib\libc.a(lib_a-putc.o)
 .bss           0x0000000000808498        0x0 c:/software/altera/15.1/nios2eds/bin/gnu/h-x86_64-mingw32/bin/../lib/gcc/nios2-elf/4.9.2/../../../../../H-x86_64-mingw32/nios2-elf/lib\libc.a(lib_a-strlen.o)
 .bss           0x0000000000808498        0x0 c:/software/altera/15.1/nios2eds/bin/gnu/h-x86_64-mingw32/bin/../lib/gcc/nios2-elf/4.9.2/../../../../../H-x86_64-mingw32/nios2-elf/lib\libc.a(lib_a-wbuf.o)
 .bss           0x0000000000808498        0x0 c:/software/altera/15.1/nios2eds/bin/gnu/h-x86_64-mingw32/bin/../lib/gcc/nios2-elf/4.9.2/../../../../../H-x86_64-mingw32/nios2-elf/lib\libc.a(lib_a-wsetup.o)
 .bss           0x0000000000808498        0x0 c:/software/altera/15.1/nios2eds/bin/gnu/h-x86_64-mingw32/bin/../lib/gcc/nios2-elf/4.9.2/../../../../../H-x86_64-mingw32/nios2-elf/lib\libc.a(lib_a-__atexit.o)
 .bss           0x0000000000808498        0x0 c:/software/altera/15.1/nios2eds/bin/gnu/h-x86_64-mingw32/bin/../lib/gcc/nios2-elf/4.9.2/../../../../../H-x86_64-mingw32/nios2-elf/lib\libc.a(lib_a-__call_atexit.o)
 .bss           0x0000000000808498        0x0 c:/software/altera/15.1/nios2eds/bin/gnu/h-x86_64-mingw32/bin/../lib/gcc/nios2-elf/4.9.2/../../../../../H-x86_64-mingw32/nios2-elf/lib\libc.a(lib_a-fflush.o)
 .bss           0x0000000000808498        0x0 c:/software/altera/15.1/nios2eds/bin/gnu/h-x86_64-mingw32/bin/../lib/gcc/nios2-elf/4.9.2/../../../../../H-x86_64-mingw32/nios2-elf/lib\libc.a(lib_a-findfp.o)
 .bss           0x0000000000808498        0x0 c:/software/altera/15.1/nios2eds/bin/gnu/h-x86_64-mingw32/bin/../lib/gcc/nios2-elf/4.9.2/../../../../../H-x86_64-mingw32/nios2-elf/lib\libc.a(lib_a-freer.o)
 .bss           0x0000000000808498        0x0 c:/software/altera/15.1/nios2eds/bin/gnu/h-x86_64-mingw32/bin/../lib/gcc/nios2-elf/4.9.2/../../../../../H-x86_64-mingw32/nios2-elf/lib\libc.a(lib_a-fwalk.o)
 .bss           0x0000000000808498        0x0 c:/software/altera/15.1/nios2eds/bin/gnu/h-x86_64-mingw32/bin/../lib/gcc/nios2-elf/4.9.2/../../../../../H-x86_64-mingw32/nios2-elf/lib\libc.a(lib_a-makebuf.o)
 .bss           0x0000000000808498        0x0 c:/software/altera/15.1/nios2eds/bin/gnu/h-x86_64-mingw32/bin/../lib/gcc/nios2-elf/4.9.2/../../../../../H-x86_64-mingw32/nios2-elf/lib\libc.a(lib_a-mallocr.o)
 .bss.__malloc_current_mallinfo
                0x0000000000808498       0x28 c:/software/altera/15.1/nios2eds/bin/gnu/h-x86_64-mingw32/bin/../lib/gcc/nios2-elf/4.9.2/../../../../../H-x86_64-mingw32/nios2-elf/lib\libc.a(lib_a-mallocr.o)
                0x0000000000808498                __malloc_current_mallinfo
 .bss           0x00000000008084c0        0x0 c:/software/altera/15.1/nios2eds/bin/gnu/h-x86_64-mingw32/bin/../lib/gcc/nios2-elf/4.9.2/../../../../../H-x86_64-mingw32/nios2-elf/lib\libc.a(lib_a-sbrkr.o)
 .bss           0x00000000008084c0        0x0 c:/software/altera/15.1/nios2eds/bin/gnu/h-x86_64-mingw32/bin/../lib/gcc/nios2-elf/4.9.2/../../../../../H-x86_64-mingw32/nios2-elf/lib\libc.a(lib_a-stdio.o)
 .bss           0x00000000008084c0        0x0 c:/software/altera/15.1/nios2eds/bin/gnu/h-x86_64-mingw32/bin/../lib/gcc/nios2-elf/4.9.2/../../../../../H-x86_64-mingw32/nios2-elf/lib\libc.a(lib_a-writer.o)
 .bss           0x00000000008084c0        0x0 c:/software/altera/15.1/nios2eds/bin/gnu/h-x86_64-mingw32/bin/../lib/gcc/nios2-elf/4.9.2/../../../../../H-x86_64-mingw32/nios2-elf/lib\libc.a(closer.o)
 .bss           0x00000000008084c0        0x0 c:/software/altera/15.1/nios2eds/bin/gnu/h-x86_64-mingw32/bin/../lib/gcc/nios2-elf/4.9.2/../../../../../H-x86_64-mingw32/nios2-elf/lib\libc.a(lib_a-fclose.o)
 .bss           0x00000000008084c0        0x0 c:/software/altera/15.1/nios2eds/bin/gnu/h-x86_64-mingw32/bin/../lib/gcc/nios2-elf/4.9.2/../../../../../H-x86_64-mingw32/nios2-elf/lib\libc.a(lib_a-fstatr.o)
 .bss           0x00000000008084c0        0x0 c:/software/altera/15.1/nios2eds/bin/gnu/h-x86_64-mingw32/bin/../lib/gcc/nios2-elf/4.9.2/../../../../../H-x86_64-mingw32/nios2-elf/lib\libc.a(lib_a-isattyr.o)
 .bss           0x00000000008084c0        0x0 c:/software/altera/15.1/nios2eds/bin/gnu/h-x86_64-mingw32/bin/../lib/gcc/nios2-elf/4.9.2/../../../../../H-x86_64-mingw32/nios2-elf/lib\libc.a(lib_a-lseekr.o)
 .bss           0x00000000008084c0        0x0 c:/software/altera/15.1/nios2eds/bin/gnu/h-x86_64-mingw32/bin/../lib/gcc/nios2-elf/4.9.2/../../../../../H-x86_64-mingw32/nios2-elf/lib\libc.a(lib_a-readr.o)
 .bss           0x00000000008084c0        0x0 c:/software/altera/15.1/nios2eds/bin/gnu/h-x86_64-mingw32/bin/../lib/gcc/nios2-elf/4.9.2\libgcc.a(lib2-divmod.o)
 .bss           0x00000000008084c0        0x0 ../LAB2_LOOP_AUDIO_bsp/\libhal_bsp.a(alt_exit.o)
 .bss           0x00000000008084c0        0x0 ../LAB2_LOOP_AUDIO_bsp/\libhal_bsp.a(alt_fstat.o)
 .bss           0x00000000008084c0        0x0 ../LAB2_LOOP_AUDIO_bsp/\libhal_bsp.a(alt_isatty.o)
 .bss           0x00000000008084c0        0x0 ../LAB2_LOOP_AUDIO_bsp/\libhal_bsp.a(alt_lseek.o)
 .bss           0x00000000008084c0        0x0 ../LAB2_LOOP_AUDIO_bsp/\libhal_bsp.a(alt_malloc_lock.o)
 .bss           0x00000000008084c0        0x0 ../LAB2_LOOP_AUDIO_bsp/\libhal_bsp.a(alt_read.o)
 .bss           0x00000000008084c0        0x0 ../LAB2_LOOP_AUDIO_bsp/\libhal_bsp.a(alt_sbrk.o)
 .bss           0x00000000008084c0        0x0 ../LAB2_LOOP_AUDIO_bsp/\libhal_bsp.a(alt_write.o)
 *(COMMON)
 COMMON         0x00000000008084c0      0x100 ../LAB2_LOOP_AUDIO_bsp/\libhal_bsp.a(alt_irq_handler.o)
                0x00000000008084c0                alt_irq
                0x00000000008085c0                . = ALIGN (0x4)
                0x00000000008085c0                __bss_end = ABSOLUTE (.)

.sdram_0        0x00000000008085c0        0x0
                0x00000000008085c0                PROVIDE (_alt_partition_sdram_0_start, ABSOLUTE (.))
 *(.sdram_0 .sdram_0. sdram_0.*)
                0x00000000008085c0                . = ALIGN (0x4)
                0x00000000008085c0                PROVIDE (_alt_partition_sdram_0_end, ABSOLUTE (.))
                0x00000000008085c0                _end = ABSOLUTE (.)
                0x00000000008085c0                end = ABSOLUTE (.)
                0x00000000008085c0                __alt_stack_base = ABSOLUTE (.)
                0x00000000008085c0                PROVIDE (_alt_partition_sdram_0_load_addr, LOADADDR (.sdram_0))

.stab
 *(.stab)

.stabstr
 *(.stabstr)

.stab.excl
 *(.stab.excl)

.stab.exclstr
 *(.stab.exclstr)

.stab.index
 *(.stab.index)

.stab.indexstr
 *(.stab.indexstr)

.comment        0x0000000000000000       0x23
 *(.comment)
 .comment       0x0000000000000000       0x23 obj/default/hello_world.o
                                         0x24 (size before relaxing)
 .comment       0x0000000000000000       0x24 ../LAB2_LOOP_AUDIO_bsp/\libhal_bsp.a(alt_load.o)
 .comment       0x0000000000000000       0x24 ../LAB2_LOOP_AUDIO_bsp/\libhal_bsp.a(alt_main.o)
 .comment       0x0000000000000000       0x24 ../LAB2_LOOP_AUDIO_bsp/\libhal_bsp.a(alt_printf.o)
 .comment       0x0000000000000000       0x24 ../LAB2_LOOP_AUDIO_bsp/\libhal_bsp.a(alt_putchar.o)
 .comment       0x0000000000000000       0x24 ../LAB2_LOOP_AUDIO_bsp/\libhal_bsp.a(alt_sys_init.o)
 .comment       0x0000000000000000       0x24 ../LAB2_LOOP_AUDIO_bsp/\libhal_bsp.a(altera_avalon_jtag_uart_fd.o)
 .comment       0x0000000000000000       0x24 ../LAB2_LOOP_AUDIO_bsp/\libhal_bsp.a(altera_avalon_jtag_uart_read.o)
 .comment       0x0000000000000000       0x24 ../LAB2_LOOP_AUDIO_bsp/\libhal_bsp.a(altera_avalon_jtag_uart_write.o)
 .comment       0x0000000000000000       0x24 ../LAB2_LOOP_AUDIO_bsp/\libhal_bsp.a(altera_avalon_lcd_16207.o)
 .comment       0x0000000000000000       0x24 ../LAB2_LOOP_AUDIO_bsp/\libhal_bsp.a(altera_avalon_lcd_16207_fd.o)
 .comment       0x0000000000000000       0x24 ../LAB2_LOOP_AUDIO_bsp/\libhal_bsp.a(altera_avalon_timer_sc.o)
 .comment       0x0000000000000000       0x24 ../LAB2_LOOP_AUDIO_bsp/\libhal_bsp.a(altera_avalon_uart_fd.o)
 .comment       0x0000000000000000       0x24 ../LAB2_LOOP_AUDIO_bsp/\libhal_bsp.a(altera_avalon_uart_init.o)
 .comment       0x0000000000000000       0x24 ../LAB2_LOOP_AUDIO_bsp/\libhal_bsp.a(altera_avalon_uart_read.o)
 .comment       0x0000000000000000       0x24 ../LAB2_LOOP_AUDIO_bsp/\libhal_bsp.a(altera_avalon_uart_write.o)
 .comment       0x0000000000000000       0x24 ../LAB2_LOOP_AUDIO_bsp/\libhal_bsp.a(altera_up_avalon_audio.o)
 .comment       0x0000000000000000       0x24 ../LAB2_LOOP_AUDIO_bsp/\libhal_bsp.a(alt_alarm_start.o)
 .comment       0x0000000000000000       0x24 ../LAB2_LOOP_AUDIO_bsp/\libhal_bsp.a(alt_close.o)
 .comment       0x0000000000000000       0x24 ../LAB2_LOOP_AUDIO_bsp/\libhal_bsp.a(alt_dcache_flush_all.o)
 .comment       0x0000000000000000       0x24 ../LAB2_LOOP_AUDIO_bsp/\libhal_bsp.a(alt_dev.o)
 .comment       0x0000000000000000       0x24 ../LAB2_LOOP_AUDIO_bsp/\libhal_bsp.a(alt_dev_llist_insert.o)
 .comment       0x0000000000000000       0x24 ../LAB2_LOOP_AUDIO_bsp/\libhal_bsp.a(alt_do_ctors.o)
 .comment       0x0000000000000000       0x24 ../LAB2_LOOP_AUDIO_bsp/\libhal_bsp.a(alt_do_dtors.o)
 .comment       0x0000000000000000       0x24 ../LAB2_LOOP_AUDIO_bsp/\libhal_bsp.a(alt_errno.o)
 .comment       0x0000000000000000       0x24 ../LAB2_LOOP_AUDIO_bsp/\libhal_bsp.a(alt_find_dev.o)
 .comment       0x0000000000000000       0x24 ../LAB2_LOOP_AUDIO_bsp/\libhal_bsp.a(alt_icache_flush_all.o)
 .comment       0x0000000000000000       0x24 ../LAB2_LOOP_AUDIO_bsp/\libhal_bsp.a(alt_io_redirect.o)
 .comment       0x0000000000000000       0x24 ../LAB2_LOOP_AUDIO_bsp/\libhal_bsp.a(alt_irq_register.o)
 .comment       0x0000000000000000       0x24 ../LAB2_LOOP_AUDIO_bsp/\libhal_bsp.a(alt_irq_vars.o)
 .comment       0x0000000000000000       0x24 ../LAB2_LOOP_AUDIO_bsp/\libhal_bsp.a(alt_open.o)
 .comment       0x0000000000000000       0x24 ../LAB2_LOOP_AUDIO_bsp/\libhal_bsp.a(alt_release_fd.o)
 .comment       0x0000000000000000       0x24 ../LAB2_LOOP_AUDIO_bsp/\libhal_bsp.a(alt_tick.o)
 .comment       0x0000000000000000       0x24 ../LAB2_LOOP_AUDIO_bsp/\libhal_bsp.a(alt_usleep.o)
 .comment       0x0000000000000000       0x24 ../LAB2_LOOP_AUDIO_bsp/\libhal_bsp.a(altera_nios2_gen2_irq.o)
 .comment       0x0000000000000000       0x24 ../LAB2_LOOP_AUDIO_bsp/\libhal_bsp.a(alt_busy_sleep.o)
 .comment       0x0000000000000000       0x24 ../LAB2_LOOP_AUDIO_bsp/\libhal_bsp.a(alt_find_file.o)
 .comment       0x0000000000000000       0x24 ../LAB2_LOOP_AUDIO_bsp/\libhal_bsp.a(alt_get_fd.o)
 .comment       0x0000000000000000       0x24 ../LAB2_LOOP_AUDIO_bsp/\libhal_bsp.a(alt_icache_flush.o)
 .comment       0x0000000000000000       0x24 ../LAB2_LOOP_AUDIO_bsp/\libhal_bsp.a(alt_irq_handler.o)
 .comment       0x0000000000000000       0x24 ../LAB2_LOOP_AUDIO_bsp/\libhal_bsp.a(alt_instruction_exception_entry.o)
 .comment       0x0000000000000000       0x24 c:/software/altera/15.1/nios2eds/bin/gnu/h-x86_64-mingw32/bin/../lib/gcc/nios2-elf/4.9.2/../../../../../H-x86_64-mingw32/nios2-elf/lib\libc.a(lib_a-atexit.o)
 .comment       0x0000000000000000       0x24 c:/software/altera/15.1/nios2eds/bin/gnu/h-x86_64-mingw32/bin/../lib/gcc/nios2-elf/4.9.2/../../../../../H-x86_64-mingw32/nios2-elf/lib\libc.a(lib_a-ctype_.o)
 .comment       0x0000000000000000       0x24 c:/software/altera/15.1/nios2eds/bin/gnu/h-x86_64-mingw32/bin/../lib/gcc/nios2-elf/4.9.2/../../../../../H-x86_64-mingw32/nios2-elf/lib\libc.a(lib_a-exit.o)
 .comment       0x0000000000000000       0x24 c:/software/altera/15.1/nios2eds/bin/gnu/h-x86_64-mingw32/bin/../lib/gcc/nios2-elf/4.9.2/../../../../../H-x86_64-mingw32/nios2-elf/lib\libc.a(lib_a-impure.o)
 .comment       0x0000000000000000       0x24 c:/software/altera/15.1/nios2eds/bin/gnu/h-x86_64-mingw32/bin/../lib/gcc/nios2-elf/4.9.2/../../../../../H-x86_64-mingw32/nios2-elf/lib\libc.a(lib_a-int_errno.o)
 .comment       0x0000000000000000       0x24 c:/software/altera/15.1/nios2eds/bin/gnu/h-x86_64-mingw32/bin/../lib/gcc/nios2-elf/4.9.2/../../../../../H-x86_64-mingw32/nios2-elf/lib\libc.a(lib_a-memcmp.o)
 .comment       0x0000000000000000       0x24 c:/software/altera/15.1/nios2eds/bin/gnu/h-x86_64-mingw32/bin/../lib/gcc/nios2-elf/4.9.2/../../../../../H-x86_64-mingw32/nios2-elf/lib\libc.a(lib_a-memcpy.o)
 .comment       0x0000000000000000       0x24 c:/software/altera/15.1/nios2eds/bin/gnu/h-x86_64-mingw32/bin/../lib/gcc/nios2-elf/4.9.2/../../../../../H-x86_64-mingw32/nios2-elf/lib\libc.a(lib_a-memset.o)
 .comment       0x0000000000000000       0x24 c:/software/altera/15.1/nios2eds/bin/gnu/h-x86_64-mingw32/bin/../lib/gcc/nios2-elf/4.9.2/../../../../../H-x86_64-mingw32/nios2-elf/lib\libc.a(lib_a-putc.o)
 .comment       0x0000000000000000       0x24 c:/software/altera/15.1/nios2eds/bin/gnu/h-x86_64-mingw32/bin/../lib/gcc/nios2-elf/4.9.2/../../../../../H-x86_64-mingw32/nios2-elf/lib\libc.a(lib_a-strlen.o)
 .comment       0x0000000000000000       0x24 c:/software/altera/15.1/nios2eds/bin/gnu/h-x86_64-mingw32/bin/../lib/gcc/nios2-elf/4.9.2/../../../../../H-x86_64-mingw32/nios2-elf/lib\libc.a(lib_a-wbuf.o)
 .comment       0x0000000000000000       0x24 c:/software/altera/15.1/nios2eds/bin/gnu/h-x86_64-mingw32/bin/../lib/gcc/nios2-elf/4.9.2/../../../../../H-x86_64-mingw32/nios2-elf/lib\libc.a(lib_a-wsetup.o)
 .comment       0x0000000000000000       0x24 c:/software/altera/15.1/nios2eds/bin/gnu/h-x86_64-mingw32/bin/../lib/gcc/nios2-elf/4.9.2/../../../../../H-x86_64-mingw32/nios2-elf/lib\libc.a(lib_a-__atexit.o)
 .comment       0x0000000000000000       0x24 c:/software/altera/15.1/nios2eds/bin/gnu/h-x86_64-mingw32/bin/../lib/gcc/nios2-elf/4.9.2/../../../../../H-x86_64-mingw32/nios2-elf/lib\libc.a(lib_a-__call_atexit.o)
 .comment       0x0000000000000000       0x24 c:/software/altera/15.1/nios2eds/bin/gnu/h-x86_64-mingw32/bin/../lib/gcc/nios2-elf/4.9.2/../../../../../H-x86_64-mingw32/nios2-elf/lib\libc.a(lib_a-fflush.o)
 .comment       0x0000000000000000       0x24 c:/software/altera/15.1/nios2eds/bin/gnu/h-x86_64-mingw32/bin/../lib/gcc/nios2-elf/4.9.2/../../../../../H-x86_64-mingw32/nios2-elf/lib\libc.a(lib_a-findfp.o)
 .comment       0x0000000000000000       0x24 c:/software/altera/15.1/nios2eds/bin/gnu/h-x86_64-mingw32/bin/../lib/gcc/nios2-elf/4.9.2/../../../../../H-x86_64-mingw32/nios2-elf/lib\libc.a(lib_a-freer.o)
 .comment       0x0000000000000000       0x24 c:/software/altera/15.1/nios2eds/bin/gnu/h-x86_64-mingw32/bin/../lib/gcc/nios2-elf/4.9.2/../../../../../H-x86_64-mingw32/nios2-elf/lib\libc.a(lib_a-fwalk.o)
 .comment       0x0000000000000000       0x24 c:/software/altera/15.1/nios2eds/bin/gnu/h-x86_64-mingw32/bin/../lib/gcc/nios2-elf/4.9.2/../../../../../H-x86_64-mingw32/nios2-elf/lib\libc.a(lib_a-makebuf.o)
 .comment       0x0000000000000000       0x24 c:/software/altera/15.1/nios2eds/bin/gnu/h-x86_64-mingw32/bin/../lib/gcc/nios2-elf/4.9.2/../../../../../H-x86_64-mingw32/nios2-elf/lib\libc.a(lib_a-mallocr.o)
 .comment       0x0000000000000000       0x24 c:/software/altera/15.1/nios2eds/bin/gnu/h-x86_64-mingw32/bin/../lib/gcc/nios2-elf/4.9.2/../../../../../H-x86_64-mingw32/nios2-elf/lib\libc.a(lib_a-sbrkr.o)
 .comment       0x0000000000000000       0x24 c:/software/altera/15.1/nios2eds/bin/gnu/h-x86_64-mingw32/bin/../lib/gcc/nios2-elf/4.9.2/../../../../../H-x86_64-mingw32/nios2-elf/lib\libc.a(lib_a-stdio.o)
 .comment       0x0000000000000000       0x24 c:/software/altera/15.1/nios2eds/bin/gnu/h-x86_64-mingw32/bin/../lib/gcc/nios2-elf/4.9.2/../../../../../H-x86_64-mingw32/nios2-elf/lib\libc.a(lib_a-writer.o)
 .comment       0x0000000000000000       0x24 c:/software/altera/15.1/nios2eds/bin/gnu/h-x86_64-mingw32/bin/../lib/gcc/nios2-elf/4.9.2/../../../../../H-x86_64-mingw32/nios2-elf/lib\libc.a(closer.o)
 .comment       0x0000000000000000       0x24 c:/software/altera/15.1/nios2eds/bin/gnu/h-x86_64-mingw32/bin/../lib/gcc/nios2-elf/4.9.2/../../../../../H-x86_64-mingw32/nios2-elf/lib\libc.a(lib_a-fclose.o)
 .comment       0x0000000000000000       0x24 c:/software/altera/15.1/nios2eds/bin/gnu/h-x86_64-mingw32/bin/../lib/gcc/nios2-elf/4.9.2/../../../../../H-x86_64-mingw32/nios2-elf/lib\libc.a(lib_a-fstatr.o)
 .comment       0x0000000000000000       0x24 c:/software/altera/15.1/nios2eds/bin/gnu/h-x86_64-mingw32/bin/../lib/gcc/nios2-elf/4.9.2/../../../../../H-x86_64-mingw32/nios2-elf/lib\libc.a(lib_a-isattyr.o)
 .comment       0x0000000000000000       0x24 c:/software/altera/15.1/nios2eds/bin/gnu/h-x86_64-mingw32/bin/../lib/gcc/nios2-elf/4.9.2/../../../../../H-x86_64-mingw32/nios2-elf/lib\libc.a(lib_a-lseekr.o)
 .comment       0x0000000000000000       0x24 c:/software/altera/15.1/nios2eds/bin/gnu/h-x86_64-mingw32/bin/../lib/gcc/nios2-elf/4.9.2/../../../../../H-x86_64-mingw32/nios2-elf/lib\libc.a(lib_a-readr.o)
 .comment       0x0000000000000000       0x24 c:/software/altera/15.1/nios2eds/bin/gnu/h-x86_64-mingw32/bin/../lib/gcc/nios2-elf/4.9.2\libgcc.a(lib2-divmod.o)
 .comment       0x0000000000000000       0x24 ../LAB2_LOOP_AUDIO_bsp/\libhal_bsp.a(alt_exit.o)
 .comment       0x0000000000000000       0x24 ../LAB2_LOOP_AUDIO_bsp/\libhal_bsp.a(alt_fstat.o)
 .comment       0x0000000000000000       0x24 ../LAB2_LOOP_AUDIO_bsp/\libhal_bsp.a(alt_isatty.o)
 .comment       0x0000000000000000       0x24 ../LAB2_LOOP_AUDIO_bsp/\libhal_bsp.a(alt_lseek.o)
 .comment       0x0000000000000000       0x24 ../LAB2_LOOP_AUDIO_bsp/\libhal_bsp.a(alt_malloc_lock.o)
 .comment       0x0000000000000000       0x24 ../LAB2_LOOP_AUDIO_bsp/\libhal_bsp.a(alt_read.o)
 .comment       0x0000000000000000       0x24 ../LAB2_LOOP_AUDIO_bsp/\libhal_bsp.a(alt_sbrk.o)
 .comment       0x0000000000000000       0x24 ../LAB2_LOOP_AUDIO_bsp/\libhal_bsp.a(alt_write.o)

.debug
 *(.debug)

.line
 *(.line)

.debug_srcinfo
 *(.debug_srcinfo)

.debug_sfnames
 *(.debug_sfnames)

.debug_aranges  0x0000000000000000      0xb10
 *(.debug_aranges)
 .debug_aranges
                0x0000000000000000       0x28 ../LAB2_LOOP_AUDIO_bsp//obj/HAL/src/crt0.o
 .debug_aranges
                0x0000000000000028       0x20 obj/default/hello_world.o
 .debug_aranges
                0x0000000000000048       0x20 ../LAB2_LOOP_AUDIO_bsp/\libhal_bsp.a(alt_load.o)
 .debug_aranges
                0x0000000000000068       0x20 ../LAB2_LOOP_AUDIO_bsp/\libhal_bsp.a(alt_main.o)
 .debug_aranges
                0x0000000000000088       0x20 ../LAB2_LOOP_AUDIO_bsp/\libhal_bsp.a(alt_printf.o)
 .debug_aranges
                0x00000000000000a8       0x20 ../LAB2_LOOP_AUDIO_bsp/\libhal_bsp.a(alt_putchar.o)
 .debug_aranges
                0x00000000000000c8       0x20 ../LAB2_LOOP_AUDIO_bsp/\libhal_bsp.a(alt_sys_init.o)
 .debug_aranges
                0x00000000000000e8       0x20 ../LAB2_LOOP_AUDIO_bsp/\libhal_bsp.a(altera_avalon_jtag_uart_fd.o)
 .debug_aranges
                0x0000000000000108       0x20 ../LAB2_LOOP_AUDIO_bsp/\libhal_bsp.a(altera_avalon_jtag_uart_read.o)
 .debug_aranges
                0x0000000000000128       0x20 ../LAB2_LOOP_AUDIO_bsp/\libhal_bsp.a(altera_avalon_jtag_uart_write.o)
 .debug_aranges
                0x0000000000000148       0x20 ../LAB2_LOOP_AUDIO_bsp/\libhal_bsp.a(altera_avalon_lcd_16207.o)
 .debug_aranges
                0x0000000000000168       0x20 ../LAB2_LOOP_AUDIO_bsp/\libhal_bsp.a(altera_avalon_lcd_16207_fd.o)
 .debug_aranges
                0x0000000000000188       0x20 ../LAB2_LOOP_AUDIO_bsp/\libhal_bsp.a(altera_avalon_timer_sc.o)
 .debug_aranges
                0x00000000000001a8       0x20 ../LAB2_LOOP_AUDIO_bsp/\libhal_bsp.a(altera_avalon_uart_fd.o)
 .debug_aranges
                0x00000000000001c8       0x20 ../LAB2_LOOP_AUDIO_bsp/\libhal_bsp.a(altera_avalon_uart_init.o)
 .debug_aranges
                0x00000000000001e8       0x20 ../LAB2_LOOP_AUDIO_bsp/\libhal_bsp.a(altera_avalon_uart_read.o)
 .debug_aranges
                0x0000000000000208       0x20 ../LAB2_LOOP_AUDIO_bsp/\libhal_bsp.a(altera_avalon_uart_write.o)
 .debug_aranges
                0x0000000000000228       0x20 ../LAB2_LOOP_AUDIO_bsp/\libhal_bsp.a(altera_up_avalon_audio.o)
 .debug_aranges
                0x0000000000000248       0x20 ../LAB2_LOOP_AUDIO_bsp/\libhal_bsp.a(alt_alarm_start.o)
 .debug_aranges
                0x0000000000000268       0x20 ../LAB2_LOOP_AUDIO_bsp/\libhal_bsp.a(alt_close.o)
 .debug_aranges
                0x0000000000000288       0x20 ../LAB2_LOOP_AUDIO_bsp/\libhal_bsp.a(alt_dcache_flush_all.o)
 .debug_aranges
                0x00000000000002a8       0x20 ../LAB2_LOOP_AUDIO_bsp/\libhal_bsp.a(alt_dev.o)
 .debug_aranges
                0x00000000000002c8       0x20 ../LAB2_LOOP_AUDIO_bsp/\libhal_bsp.a(alt_dev_llist_insert.o)
 .debug_aranges
                0x00000000000002e8       0x20 ../LAB2_LOOP_AUDIO_bsp/\libhal_bsp.a(alt_do_ctors.o)
 .debug_aranges
                0x0000000000000308       0x20 ../LAB2_LOOP_AUDIO_bsp/\libhal_bsp.a(alt_do_dtors.o)
 .debug_aranges
                0x0000000000000328       0x18 ../LAB2_LOOP_AUDIO_bsp/\libhal_bsp.a(alt_errno.o)
 .debug_aranges
                0x0000000000000340       0x20 ../LAB2_LOOP_AUDIO_bsp/\libhal_bsp.a(alt_find_dev.o)
 .debug_aranges
                0x0000000000000360       0x20 ../LAB2_LOOP_AUDIO_bsp/\libhal_bsp.a(alt_icache_flush_all.o)
 .debug_aranges
                0x0000000000000380       0x20 ../LAB2_LOOP_AUDIO_bsp/\libhal_bsp.a(alt_io_redirect.o)
 .debug_aranges
                0x00000000000003a0       0x20 ../LAB2_LOOP_AUDIO_bsp/\libhal_bsp.a(alt_irq_register.o)
 .debug_aranges
                0x00000000000003c0       0x18 ../LAB2_LOOP_AUDIO_bsp/\libhal_bsp.a(alt_irq_vars.o)
 .debug_aranges
                0x00000000000003d8       0x20 ../LAB2_LOOP_AUDIO_bsp/\libhal_bsp.a(alt_open.o)
 .debug_aranges
                0x00000000000003f8       0x20 ../LAB2_LOOP_AUDIO_bsp/\libhal_bsp.a(alt_release_fd.o)
 .debug_aranges
                0x0000000000000418       0x20 ../LAB2_LOOP_AUDIO_bsp/\libhal_bsp.a(alt_tick.o)
 .debug_aranges
                0x0000000000000438       0x20 ../LAB2_LOOP_AUDIO_bsp/\libhal_bsp.a(alt_usleep.o)
 .debug_aranges
                0x0000000000000458       0x20 ../LAB2_LOOP_AUDIO_bsp/\libhal_bsp.a(altera_nios2_gen2_irq.o)
 .debug_aranges
                0x0000000000000478       0x20 ../LAB2_LOOP_AUDIO_bsp/\libhal_bsp.a(alt_busy_sleep.o)
 .debug_aranges
                0x0000000000000498       0x20 ../LAB2_LOOP_AUDIO_bsp/\libhal_bsp.a(alt_find_file.o)
 .debug_aranges
                0x00000000000004b8       0x20 ../LAB2_LOOP_AUDIO_bsp/\libhal_bsp.a(alt_get_fd.o)
 .debug_aranges
                0x00000000000004d8       0x20 ../LAB2_LOOP_AUDIO_bsp/\libhal_bsp.a(alt_icache_flush.o)
 .debug_aranges
                0x00000000000004f8       0x30 ../LAB2_LOOP_AUDIO_bsp/\libhal_bsp.a(alt_irq_entry.o)
 .debug_aranges
                0x0000000000000528       0x20 ../LAB2_LOOP_AUDIO_bsp/\libhal_bsp.a(alt_irq_handler.o)
 .debug_aranges
                0x0000000000000548       0x38 ../LAB2_LOOP_AUDIO_bsp/\libhal_bsp.a(alt_exception_entry.o)
 .debug_aranges
                0x0000000000000580       0x28 ../LAB2_LOOP_AUDIO_bsp/\libhal_bsp.a(alt_instruction_exception_entry.o)
 .debug_aranges
                0x00000000000005a8       0x20 c:/software/altera/15.1/nios2eds/bin/gnu/h-x86_64-mingw32/bin/../lib/gcc/nios2-elf/4.9.2/../../../../../H-x86_64-mingw32/nios2-elf/lib\libc.a(lib_a-atexit.o)
 .debug_aranges
                0x00000000000005c8       0x18 c:/software/altera/15.1/nios2eds/bin/gnu/h-x86_64-mingw32/bin/../lib/gcc/nios2-elf/4.9.2/../../../../../H-x86_64-mingw32/nios2-elf/lib\libc.a(lib_a-ctype_.o)
 .debug_aranges
                0x00000000000005e0       0x20 c:/software/altera/15.1/nios2eds/bin/gnu/h-x86_64-mingw32/bin/../lib/gcc/nios2-elf/4.9.2/../../../../../H-x86_64-mingw32/nios2-elf/lib\libc.a(lib_a-exit.o)
 .debug_aranges
                0x0000000000000600       0x18 c:/software/altera/15.1/nios2eds/bin/gnu/h-x86_64-mingw32/bin/../lib/gcc/nios2-elf/4.9.2/../../../../../H-x86_64-mingw32/nios2-elf/lib\libc.a(lib_a-impure.o)
 .debug_aranges
                0x0000000000000618       0x18 c:/software/altera/15.1/nios2eds/bin/gnu/h-x86_64-mingw32/bin/../lib/gcc/nios2-elf/4.9.2/../../../../../H-x86_64-mingw32/nios2-elf/lib\libc.a(lib_a-int_errno.o)
 .debug_aranges
                0x0000000000000630       0x20 c:/software/altera/15.1/nios2eds/bin/gnu/h-x86_64-mingw32/bin/../lib/gcc/nios2-elf/4.9.2/../../../../../H-x86_64-mingw32/nios2-elf/lib\libc.a(lib_a-memcmp.o)
 .debug_aranges
                0x0000000000000650       0x20 c:/software/altera/15.1/nios2eds/bin/gnu/h-x86_64-mingw32/bin/../lib/gcc/nios2-elf/4.9.2/../../../../../H-x86_64-mingw32/nios2-elf/lib\libc.a(lib_a-memcpy.o)
 .debug_aranges
                0x0000000000000670       0x20 c:/software/altera/15.1/nios2eds/bin/gnu/h-x86_64-mingw32/bin/../lib/gcc/nios2-elf/4.9.2/../../../../../H-x86_64-mingw32/nios2-elf/lib\libc.a(lib_a-memset.o)
 .debug_aranges
                0x0000000000000690       0x28 c:/software/altera/15.1/nios2eds/bin/gnu/h-x86_64-mingw32/bin/../lib/gcc/nios2-elf/4.9.2/../../../../../H-x86_64-mingw32/nios2-elf/lib\libc.a(lib_a-putc.o)
 .debug_aranges
                0x00000000000006b8       0x20 c:/software/altera/15.1/nios2eds/bin/gnu/h-x86_64-mingw32/bin/../lib/gcc/nios2-elf/4.9.2/../../../../../H-x86_64-mingw32/nios2-elf/lib\libc.a(lib_a-strlen.o)
 .debug_aranges
                0x00000000000006d8       0x28 c:/software/altera/15.1/nios2eds/bin/gnu/h-x86_64-mingw32/bin/../lib/gcc/nios2-elf/4.9.2/../../../../../H-x86_64-mingw32/nios2-elf/lib\libc.a(lib_a-wbuf.o)
 .debug_aranges
                0x0000000000000700       0x20 c:/software/altera/15.1/nios2eds/bin/gnu/h-x86_64-mingw32/bin/../lib/gcc/nios2-elf/4.9.2/../../../../../H-x86_64-mingw32/nios2-elf/lib\libc.a(lib_a-wsetup.o)
 .debug_aranges
                0x0000000000000720       0x20 c:/software/altera/15.1/nios2eds/bin/gnu/h-x86_64-mingw32/bin/../lib/gcc/nios2-elf/4.9.2/../../../../../H-x86_64-mingw32/nios2-elf/lib\libc.a(lib_a-__atexit.o)
 .debug_aranges
                0x0000000000000740       0x20 c:/software/altera/15.1/nios2eds/bin/gnu/h-x86_64-mingw32/bin/../lib/gcc/nios2-elf/4.9.2/../../../../../H-x86_64-mingw32/nios2-elf/lib\libc.a(lib_a-__call_atexit.o)
 .debug_aranges
                0x0000000000000760       0x30 c:/software/altera/15.1/nios2eds/bin/gnu/h-x86_64-mingw32/bin/../lib/gcc/nios2-elf/4.9.2/../../../../../H-x86_64-mingw32/nios2-elf/lib\libc.a(lib_a-fflush.o)
 .debug_aranges
                0x0000000000000790       0x88 c:/software/altera/15.1/nios2eds/bin/gnu/h-x86_64-mingw32/bin/../lib/gcc/nios2-elf/4.9.2/../../../../../H-x86_64-mingw32/nios2-elf/lib\libc.a(lib_a-findfp.o)
 .debug_aranges
                0x0000000000000818       0x28 c:/software/altera/15.1/nios2eds/bin/gnu/h-x86_64-mingw32/bin/../lib/gcc/nios2-elf/4.9.2/../../../../../H-x86_64-mingw32/nios2-elf/lib\libc.a(lib_a-freer.o)
 .debug_aranges
                0x0000000000000840       0x28 c:/software/altera/15.1/nios2eds/bin/gnu/h-x86_64-mingw32/bin/../lib/gcc/nios2-elf/4.9.2/../../../../../H-x86_64-mingw32/nios2-elf/lib\libc.a(lib_a-fwalk.o)
 .debug_aranges
                0x0000000000000868       0x20 c:/software/altera/15.1/nios2eds/bin/gnu/h-x86_64-mingw32/bin/../lib/gcc/nios2-elf/4.9.2/../../../../../H-x86_64-mingw32/nios2-elf/lib\libc.a(lib_a-makebuf.o)
 .debug_aranges
                0x0000000000000888       0x20 c:/software/altera/15.1/nios2eds/bin/gnu/h-x86_64-mingw32/bin/../lib/gcc/nios2-elf/4.9.2/../../../../../H-x86_64-mingw32/nios2-elf/lib\libc.a(lib_a-mallocr.o)
 .debug_aranges
                0x00000000000008a8       0x20 c:/software/altera/15.1/nios2eds/bin/gnu/h-x86_64-mingw32/bin/../lib/gcc/nios2-elf/4.9.2/../../../../../H-x86_64-mingw32/nios2-elf/lib\libc.a(lib_a-sbrkr.o)
 .debug_aranges
                0x00000000000008c8       0x40 c:/software/altera/15.1/nios2eds/bin/gnu/h-x86_64-mingw32/bin/../lib/gcc/nios2-elf/4.9.2/../../../../../H-x86_64-mingw32/nios2-elf/lib\libc.a(lib_a-stdio.o)
 .debug_aranges
                0x0000000000000908       0x20 c:/software/altera/15.1/nios2eds/bin/gnu/h-x86_64-mingw32/bin/../lib/gcc/nios2-elf/4.9.2/../../../../../H-x86_64-mingw32/nios2-elf/lib\libc.a(lib_a-writer.o)
 .debug_aranges
                0x0000000000000928       0x20 c:/software/altera/15.1/nios2eds/bin/gnu/h-x86_64-mingw32/bin/../lib/gcc/nios2-elf/4.9.2/../../../../../H-x86_64-mingw32/nios2-elf/lib\libc.a(closer.o)
 .debug_aranges
                0x0000000000000948       0x28 c:/software/altera/15.1/nios2eds/bin/gnu/h-x86_64-mingw32/bin/../lib/gcc/nios2-elf/4.9.2/../../../../../H-x86_64-mingw32/nios2-elf/lib\libc.a(lib_a-fclose.o)
 .debug_aranges
                0x0000000000000970       0x20 c:/software/altera/15.1/nios2eds/bin/gnu/h-x86_64-mingw32/bin/../lib/gcc/nios2-elf/4.9.2/../../../../../H-x86_64-mingw32/nios2-elf/lib\libc.a(lib_a-fstatr.o)
 .debug_aranges
                0x0000000000000990       0x20 c:/software/altera/15.1/nios2eds/bin/gnu/h-x86_64-mingw32/bin/../lib/gcc/nios2-elf/4.9.2/../../../../../H-x86_64-mingw32/nios2-elf/lib\libc.a(lib_a-isattyr.o)
 .debug_aranges
                0x00000000000009b0       0x20 c:/software/altera/15.1/nios2eds/bin/gnu/h-x86_64-mingw32/bin/../lib/gcc/nios2-elf/4.9.2/../../../../../H-x86_64-mingw32/nios2-elf/lib\libc.a(lib_a-lseekr.o)
 .debug_aranges
                0x00000000000009d0       0x20 c:/software/altera/15.1/nios2eds/bin/gnu/h-x86_64-mingw32/bin/../lib/gcc/nios2-elf/4.9.2/../../../../../H-x86_64-mingw32/nios2-elf/lib\libc.a(lib_a-readr.o)
 .debug_aranges
                0x00000000000009f0       0x20 c:/software/altera/15.1/nios2eds/bin/gnu/h-x86_64-mingw32/bin/../lib/gcc/nios2-elf/4.9.2\libgcc.a(lib2-divmod.o)
 .debug_aranges
                0x0000000000000a10       0x20 ../LAB2_LOOP_AUDIO_bsp/\libhal_bsp.a(alt_exit.o)
 .debug_aranges
                0x0000000000000a30       0x20 ../LAB2_LOOP_AUDIO_bsp/\libhal_bsp.a(alt_fstat.o)
 .debug_aranges
                0x0000000000000a50       0x20 ../LAB2_LOOP_AUDIO_bsp/\libhal_bsp.a(alt_isatty.o)
 .debug_aranges
                0x0000000000000a70       0x20 ../LAB2_LOOP_AUDIO_bsp/\libhal_bsp.a(alt_lseek.o)
 .debug_aranges
                0x0000000000000a90       0x20 ../LAB2_LOOP_AUDIO_bsp/\libhal_bsp.a(alt_malloc_lock.o)
 .debug_aranges
                0x0000000000000ab0       0x20 ../LAB2_LOOP_AUDIO_bsp/\libhal_bsp.a(alt_read.o)
 .debug_aranges
                0x0000000000000ad0       0x20 ../LAB2_LOOP_AUDIO_bsp/\libhal_bsp.a(alt_sbrk.o)
 .debug_aranges
                0x0000000000000af0       0x20 ../LAB2_LOOP_AUDIO_bsp/\libhal_bsp.a(alt_write.o)

.debug_pubnames
 *(.debug_pubnames)

.debug_info     0x0000000000000000    0x17a39
 *(.debug_info .gnu.linkonce.wi.*)
 .debug_info    0x0000000000000000       0x75 ../LAB2_LOOP_AUDIO_bsp//obj/HAL/src/crt0.o
 .debug_info    0x0000000000000075      0x352 obj/default/hello_world.o
 .debug_info    0x00000000000003c7      0x13e ../LAB2_LOOP_AUDIO_bsp/\libhal_bsp.a(alt_load.o)
 .debug_info    0x0000000000000505      0x150 ../LAB2_LOOP_AUDIO_bsp/\libhal_bsp.a(alt_main.o)
 .debug_info    0x0000000000000655      0x119 ../LAB2_LOOP_AUDIO_bsp/\libhal_bsp.a(alt_printf.o)